
Optional file libmchp_peripheral.a not found

Optional file libmchp_peripheral_32MX795F512L.a not found
Archive member included because of file (symbol)

c:/program files (x86)/microchip/xc32/v2.15/bin/bin/../../lib/gcc/pic32mx/4.8.3/../../../../pic32mx/lib\libpic32.a(memcpy.o)
                              build/default/production/_ext/1128951024/queue.o (memcpy)
c:/program files (x86)/microchip/xc32/v2.15/bin/bin/../../lib/gcc/pic32mx/4.8.3/../../../../pic32mx/lib\libpic32.a(memset.o)
                              build/default/production/_ext/1128951024/tasks.o (memset)
c:/program files (x86)/microchip/xc32/v2.15/bin/bin/../../lib/gcc/pic32mx/4.8.3/../../../../pic32mx/lib\libpic32.a(strlen.o)
                              build/default/production/_ext/1360937237/app.o (strlen)
c:/program files (x86)/microchip/xc32/v2.15/bin/bin/../../lib/gcc/pic32mx/4.8.3/../../../../pic32mx/lib\libpic32.a(default-bootstrap-exception-handler.o)
                              C:\Users\VTKellyM\AppData\Local\Temp\ccpTKgbm.o (_bootstrap_exception_handler)
c:/program files (x86)/microchip/xc32/v2.15/bin/bin/../../lib/gcc/pic32mx/4.8.3/../../../../pic32mx/lib\libpic32.a(default-on-reset.o)
                              C:\Users\VTKellyM\AppData\Local\Temp\ccpTKgbm.o (_on_reset)
c:/program files (x86)/microchip/xc32/v2.15/bin/bin/../../lib/gcc/pic32mx/4.8.3/../../../../pic32mx/lib\libpic32.a(default-on-bootstrap.o)
                              C:\Users\VTKellyM\AppData\Local\Temp\ccpTKgbm.o (_on_bootstrap)
c:/program files (x86)/microchip/xc32/v2.15/bin/bin/../../lib/gcc/pic32mx/4.8.3/../../../../pic32mx/lib\libpic32.a(default-nmi-handler.o)
                              C:\Users\VTKellyM\AppData\Local\Temp\ccpTKgbm.o (_nmi_handler)
c:/program files (x86)/microchip/xc32/v2.15/bin/bin/../../lib/gcc/pic32mx/4.8.3/../../../../pic32mx/lib\libpic32.a(pic32_data_init.o)
                              C:\Users\VTKellyM\AppData\Local\Temp\ccpTKgbm.o (__pic32_data_init)
c:/program files (x86)/microchip/xc32/v2.15/bin/bin/../../lib/gcc/pic32mx/4.8.3/../../../../pic32mx/lib\libpic32.a(general-exception.o)
                              C:\Users\VTKellyM\AppData\Local\Temp\ccpTKgbm.o (_general_exception_context)
c:/program files (x86)/microchip/xc32/v2.15/bin/bin/../../lib/gcc/pic32mx/4.8.3/../../../../pic32mx/lib\libpic32.a(vector0.o)
                              C:\Users\VTKellyM\AppData\Local\Temp\cc780jUR.o (__vector_dispatch_0)
c:/program files (x86)/microchip/xc32/v2.15/bin/bin/../../lib/gcc/pic32mx/4.8.3/../../../../pic32mx/lib\libpic32.a(vector2.o)
                              C:\Users\VTKellyM\AppData\Local\Temp\cc780jUR.o (__vector_dispatch_2)
c:/program files (x86)/microchip/xc32/v2.15/bin/bin/../../lib/gcc/pic32mx/4.8.3/../../../../pic32mx/lib\libpic32.a(vector3.o)
                              C:\Users\VTKellyM\AppData\Local\Temp\cc780jUR.o (__vector_dispatch_3)
c:/program files (x86)/microchip/xc32/v2.15/bin/bin/../../lib/gcc/pic32mx/4.8.3/../../../../pic32mx/lib\libpic32.a(vector5.o)
                              C:\Users\VTKellyM\AppData\Local\Temp\cc780jUR.o (__vector_dispatch_5)
c:/program files (x86)/microchip/xc32/v2.15/bin/bin/../../lib/gcc/pic32mx/4.8.3/../../../../pic32mx/lib\libpic32.a(vector6.o)
                              C:\Users\VTKellyM\AppData\Local\Temp\cc780jUR.o (__vector_dispatch_6)
c:/program files (x86)/microchip/xc32/v2.15/bin/bin/../../lib/gcc/pic32mx/4.8.3/../../../../pic32mx/lib\libpic32.a(vector8.o)
                              C:\Users\VTKellyM\AppData\Local\Temp\cc780jUR.o (__vector_dispatch_8)
c:/program files (x86)/microchip/xc32/v2.15/bin/bin/../../lib/gcc/pic32mx/4.8.3/../../../../pic32mx/lib\libpic32.a(vector9.o)
                              C:\Users\VTKellyM\AppData\Local\Temp\cc780jUR.o (__vector_dispatch_9)
c:/program files (x86)/microchip/xc32/v2.15/bin/bin/../../lib/gcc/pic32mx/4.8.3/../../../../pic32mx/lib\libpic32.a(vector10.o)
                              C:\Users\VTKellyM\AppData\Local\Temp\cc780jUR.o (__vector_dispatch_10)
c:/program files (x86)/microchip/xc32/v2.15/bin/bin/../../lib/gcc/pic32mx/4.8.3/../../../../pic32mx/lib\libpic32.a(vector13.o)
                              C:\Users\VTKellyM\AppData\Local\Temp\cc780jUR.o (__vector_dispatch_13)
c:/program files (x86)/microchip/xc32/v2.15/bin/bin/../../lib/gcc/pic32mx/4.8.3/../../../../pic32mx/lib\libpic32.a(vector14.o)
                              C:\Users\VTKellyM\AppData\Local\Temp\cc780jUR.o (__vector_dispatch_14)
c:/program files (x86)/microchip/xc32/v2.15/bin/bin/../../lib/gcc/pic32mx/4.8.3/../../../../pic32mx/lib\libpic32.a(vector15.o)
                              C:\Users\VTKellyM\AppData\Local\Temp\cc780jUR.o (__vector_dispatch_15)
c:/program files (x86)/microchip/xc32/v2.15/bin/bin/../../lib/gcc/pic32mx/4.8.3/../../../../pic32mx/lib\libpic32.a(vector16.o)
                              C:\Users\VTKellyM\AppData\Local\Temp\cc780jUR.o (__vector_dispatch_16)
[...]
Memory Configuration

Name             Origin             Length             Attributes
kseg0_program_mem 0x9d000000         0x00080000         xr
kseg0_boot_mem   0x9fc00490         0x00000970
exception_mem    0x9fc01000         0x00001000
kseg1_boot_mem   0xbfc00000         0x00000490
debug_exec_mem   0xbfc02000         0x00000ff0
config3          0xbfc02ff0         0x00000004
config2          0xbfc02ff4         0x00000004
config1          0xbfc02ff8         0x00000004
config0          0xbfc02ffc         0x00000004
kseg1_data_mem   0xa0000000         0x00020000         w !x
sfrs             0xbf800000         0x00100000
configsfrs       0xbfc02ff0         0x00000010
*default*        0x00000000         0xffffffff

Linker script and memory map

LOAD c:/program files (x86)/microchip/xc32/v2.15/bin/bin/../../lib/gcc/pic32mx/4.8.3/../../../../pic32mx/lib\debug-exception-return.o
LOAD build/default/production/_ext/1047219354/drv_oc_mapping.o
LOAD build/default/production/_ext/1047219354/drv_oc_static.o
LOAD build/default/production/_ext/1407244131/drv_tmr_static.o
LOAD build/default/production/_ext/1407244131/drv_tmr_mapping.o
LOAD build/default/production/_ext/327000265/drv_usart_mapping.o
LOAD build/default/production/_ext/327000265/drv_usart_static.o
LOAD build/default/production/_ext/327000265/drv_usart_static_byte_model.o
LOAD build/default/production/_ext/639803181/sys_clk_pic32mx.o
LOAD build/default/production/_ext/340578644/sys_devcon.o
LOAD build/default/production/_ext/340578644/sys_devcon_pic32mx.o
LOAD build/default/production/_ext/822048611/sys_ports_static.o
LOAD build/default/production/_ext/1688732426/system_init.o
LOAD build/default/production/_ext/1688732426/system_interrupt.o
LOAD build/default/production/_ext/1688732426/system_exceptions.o
LOAD build/default/production/_ext/1688732426/system_tasks.o
LOAD build/default/production/_ext/1688732426/system_interrupt_a.o
LOAD build/default/production/_ext/1688732426/rtos_hooks.o
LOAD build/default/production/_ext/1360937237/app.o
LOAD build/default/production/_ext/1360937237/debug.o
LOAD build/default/production/_ext/1360937237/main.o
LOAD build/default/production/_ext/1360937237/motor.o
LOAD build/default/production/_ext/1360937237/motor_queue.o
LOAD build/default/production/_ext/1360937237/motor_state.o
LOAD build/default/production/_ext/24337685/osal_freertos.o
LOAD build/default/production/_ext/122796885/sys_int_pic32.o
LOAD build/default/production/_ext/1856876499/heap_1.o
LOAD build/default/production/_ext/12131622/port.o
LOAD build/default/production/_ext/12131622/port_asm.o
LOAD build/default/production/_ext/1128951024/croutine.o
LOAD build/default/production/_ext/1128951024/list.o
LOAD build/default/production/_ext/1128951024/queue.o
LOAD build/default/production/_ext/1128951024/tasks.o
LOAD build/default/production/_ext/1128951024/timers.o
LOAD build/default/production/_ext/1128951024/event_groups.o
LOAD build/default/production/_ext/1128951024/stream_buffer.o
LOAD ..\..\..\..\bin\framework\peripheral\PIC32MX795F512L_peripherals.a
                0x00000001                __MPLAB_BUILD = 0x1
                0x00000000                _min_heap_size = 0x0
LOAD C:\Users\VTKellyM\AppData\Local\Temp\ccpTKgbm.o
LOAD C:\Users\VTKellyM\AppData\Local\Temp\ccUHZwXZ.o
LOAD C:\Users\VTKellyM\AppData\Local\Temp\cc780jUR.o
LOAD c:/program files (x86)/microchip/xc32/v2.15/bin/bin/../../lib/gcc/pic32mx/4.8.3/../../../../pic32mx/lib/./proc/32MX795F512L\default_isr_vectors.o
LOAD c:/program files (x86)/microchip/xc32/v2.15/bin/bin/../../lib/gcc/pic32mx/4.8.3/../../../../pic32mx/lib\pic32_software_reset.o
                0x00000400                PROVIDE (_min_stack_size, 0x400)
START GROUP
LOAD c:/program files (x86)/microchip/xc32/v2.15/bin/bin/../../lib/gcc/pic32mx/4.8.3/../../../../pic32mx/lib/./proc/32MX795F512L\processor.o
END GROUP
START GROUP
LOAD libmchp_peripheral.a
END GROUP
START GROUP
LOAD libmchp_peripheral_32MX795F512L.a
END GROUP
                0x00000001                PROVIDE (_vector_spacing, 0x1)
                0x9fc01000                PROVIDE (_ebase_address, 0x9fc01000)
                0xbfc00000                _RESET_ADDR = 0xbfc00000
                0xbfc00380                _BEV_EXCPT_ADDR = 0xbfc00380
                0xbfc00480                _DBG_EXCPT_ADDR = 0xbfc00480
                0xbfc02000                _DBG_CODE_ADDR = 0xbfc02000
                0x00000ff0                _DBG_CODE_SIZE = 0xff0
                0x9fc01180                _GEN_EXCPT_ADDR = (_ebase_address + 0x180)

.config_BFC02FF0
                0xbfc02ff0        0x4
 *(.config_BFC02FF0)
 .config_BFC02FF0
                0xbfc02ff0        0x4 build/default/production/_ext/1688732426/system_init.o

.config_BFC02FF4
                0xbfc02ff4        0x4
 *(.config_BFC02FF4)
 .config_BFC02FF4
                0xbfc02ff4        0x4 build/default/production/_ext/1688732426/system_init.o

.config_BFC02FF8
                0xbfc02ff8        0x4
 *(.config_BFC02FF8)
 .config_BFC02FF8
                0xbfc02ff8        0x4 build/default/production/_ext/1688732426/system_init.o

.config_BFC02FFC
                0xbfc02ffc        0x4
 *(.config_BFC02FFC)
 .config_BFC02FFC
                0xbfc02ffc        0x4 build/default/production/_ext/1688732426/system_init.o
                0xbfc02000                PROVIDE (_DBG_CODE_ADDR, 0xbfc02000)
                0x00000ff0                PROVIDE (_DBG_CODE_SIZE, 0xff0)

.reset          0xbfc00000      0x1a8
 *(.reset)
 .reset         0xbfc00000        0x8 C:\Users\VTKellyM\AppData\Local\Temp\ccpTKgbm.o
                0xbfc00000                _reset
 *(.reset.startup)
 .reset.startup
                0xbfc00008      0x1a0 C:\Users\VTKellyM\AppData\Local\Temp\ccpTKgbm.o
                0xbfc00008                _startup

.bev_excpt      0xbfc00380       0x10
 *(.bev_handler)
 .bev_handler   0xbfc00380       0x10 C:\Users\VTKellyM\AppData\Local\Temp\ccpTKgbm.o

.dbg_excpt      0xbfc00480        0x0
                0xbfc00480                . = (. + DEFINED (_DEBUGGER)?0x8:0x0)

.dbg_code       0xbfc02000        0x0
                0xbfc02000                . = (. + DEFINED (_DEBUGGER)?_DBG_CODE_SIZE:0x0)

.app_excpt      0x9fc01180       0x10
 *(.gen_handler)
 .gen_handler   0x9fc01180       0x10 C:\Users\VTKellyM\AppData\Local\Temp\ccpTKgbm.o

.vector_0       0x9fc01200        0x8
 *(.vector_0)
 .vector_0      0x9fc01200        0x8 c:/program files (x86)/microchip/xc32/v2.15/bin/bin/../../lib/gcc/pic32mx/4.8.3/../../../../pic32mx/lib\libpic32.a(vector0.o)
                0x9fc01200                __vector_dispatch_0
                0x00000001                ASSERT (((_vector_spacing == 0x0) || (SIZEOF (.vector_0) <= (_vector_spacing << 0x5))), function at exception vector 0 too large)

.vector_1       0x9fc01220        0x8
 *(.vector_1)
 .vector_1      0x9fc01220        0x8 build/default/production/_ext/12131622/port.o
                0x9fc01220                __vector_dispatch_1
                0x00000001                ASSERT (((_vector_spacing == 0x0) || (SIZEOF (.vector_1) <= (_vector_spacing << 0x5))), function at exception vector 1 too large)

.vector_2       0x9fc01240        0x8
 *(.vector_2)
 .vector_2      0x9fc01240        0x8 c:/program files (x86)/microchip/xc32/v2.15/bin/bin/../../lib/gcc/pic32mx/4.8.3/../../../../pic32mx/lib\libpic32.a(vector2.o)
                0x9fc01240                __vector_dispatch_2
                0x00000001                ASSERT (((_vector_spacing == 0x0) || (SIZEOF (.vector_2) <= (_vector_spacing << 0x5))), function at exception vector 2 too large)

.vector_3       0x9fc01260        0x8
 *(.vector_3)
 .vector_3      0x9fc01260        0x8 c:/program files (x86)/microchip/xc32/v2.15/bin/bin/../../lib/gcc/pic32mx/4.8.3/../../../../pic32mx/lib\libpic32.a(vector3.o)
                0x9fc01260                __vector_dispatch_3
                0x00000001                ASSERT (((_vector_spacing == 0x0) || (SIZEOF (.vector_3) <= (_vector_spacing << 0x5))), function at exception vector 3 too large)

.vector_4       0x9fc01280        0x8
 *(.vector_4)
 .vector_4      0x9fc01280        0x8 build/default/production/_ext/12131622/port.o
                0x9fc01280                __vector_dispatch_4
                0x00000001                ASSERT (((_vector_spacing == 0x0) || (SIZEOF (.vector_4) <= (_vector_spacing << 0x5))), function at exception vector 4 too large)

.vector_5       0x9fc012a0        0x8
 *(.vector_5)
 .vector_5      0x9fc012a0        0x8 c:/program files (x86)/microchip/xc32/v2.15/bin/bin/../../lib/gcc/pic32mx/4.8.3/../../../../pic32mx/lib\libpic32.a(vector5.o)
                0x9fc012a0                __vector_dispatch_5
                0x00000001                ASSERT (((_vector_spacing == 0x0) || (SIZEOF (.vector_5) <= (_vector_spacing << 0x5))), function at exception vector 5 too large)

.vector_6       0x9fc012c0        0x8
 *(.vector_6)
 .vector_6      0x9fc012c0        0x8 c:/program files (x86)/microchip/xc32/v2.15/bin/bin/../../lib/gcc/pic32mx/4.8.3/../../../../pic32mx/lib\libpic32.a(vector6.o)
                0x9fc012c0                __vector_dispatch_6
                0x00000001                ASSERT (((_vector_spacing == 0x0) || (SIZEOF (.vector_6) <= (_vector_spacing << 0x5))), function at exception vector 6 too large)

.vector_7       0x9fc012e0       0x10
 *(.vector_7)
 .vector_7      0x9fc012e0       0x10 build/default/production/_ext/1688732426/system_interrupt_a.o
                0x9fc012e0                __vector_dispatch_7
                0x00000001                ASSERT (((_vector_spacing == 0x0) || (SIZEOF (.vector_7) <= (_vector_spacing << 0x5))), function at exception vector 7 too large)

.vector_8       0x9fc01300        0x8
 *(.vector_8)
 .vector_8      0x9fc01300        0x8 c:/program files (x86)/microchip/xc32/v2.15/bin/bin/../../lib/gcc/pic32mx/4.8.3/../../../../pic32mx/lib\libpic32.a(vector8.o)
                0x9fc01300                __vector_dispatch_8
                0x00000001                ASSERT (((_vector_spacing == 0x0) || (SIZEOF (.vector_8) <= (_vector_spacing << 0x5))), function at exception vector 8 too large)

.vector_9       0x9fc01320        0x8
 *(.vector_9)
 .vector_9      0x9fc01320        0x8 c:/program files (x86)/microchip/xc32/v2.15/bin/bin/../../lib/gcc/pic32mx/4.8.3/../../../../pic32mx/lib\libpic32.a(vector9.o)
                0x9fc01320                __vector_dispatch_9
                0x00000001                ASSERT (((_vector_spacing == 0x0) || (SIZEOF (.vector_9) <= (_vector_spacing << 0x5))), function at exception vector 9 too large)

.vector_10      0x9fc01340        0x8
 *(.vector_10)
 .vector_10     0x9fc01340        0x8 c:/program files (x86)/microchip/xc32/v2.15/bin/bin/../../lib/gcc/pic32mx/4.8.3/../../../../pic32mx/lib\libpic32.a(vector10.o)
                0x9fc01340                __vector_dispatch_10
                0x00000001                ASSERT (((_vector_spacing == 0x0) || (SIZEOF (.vector_10) <= (_vector_spacing << 0x5))), function at exception vector 10 too large)

.vector_11      0x9fc01360       0x10
 *(.vector_11)
 .vector_11     0x9fc01360       0x10 build/default/production/_ext/1688732426/system_interrupt_a.o
                0x9fc01360                __vector_dispatch_11
                0x00000001                ASSERT (((_vector_spacing == 0x0) || (SIZEOF (.vector_11) <= (_vector_spacing << 0x5))), function at exception vector 11 too large)

.vector_12      0x9fc01380       0x10
 *(.vector_12)
 .vector_12     0x9fc01380       0x10 build/default/production/_ext/1688732426/system_interrupt_a.o
                0x9fc01380                __vector_dispatch_12
                0x00000001                ASSERT (((_vector_spacing == 0x0) || (SIZEOF (.vector_12) <= (_vector_spacing << 0x5))), function at exception vector 12 too large)

.vector_13      0x9fc013a0        0x8
 *(.vector_13)
 .vector_13     0x9fc013a0        0x8 c:/program files (x86)/microchip/xc32/v2.15/bin/bin/../../lib/gcc/pic32mx/4.8.3/../../../../pic32mx/lib\libpic32.a(vector13.o)
                0x9fc013a0                __vector_dispatch_13
                0x00000001                ASSERT (((_vector_spacing == 0x0) || (SIZEOF (.vector_13) <= (_vector_spacing << 0x5))), function at exception vector 13 too large)

.vector_14      0x9fc013c0        0x8
 *(.vector_14)
 .vector_14     0x9fc013c0        0x8 c:/program files (x86)/microchip/xc32/v2.15/bin/bin/../../lib/gcc/pic32mx/4.8.3/../../../../pic32mx/lib\libpic32.a(vector14.o)
                0x9fc013c0                __vector_dispatch_14
                0x00000001                ASSERT (((_vector_spacing == 0x0) || (SIZEOF (.vector_14) <= (_vector_spacing << 0x5))), function at exception vector 14 too large)

.vector_15      0x9fc013e0        0x8
 *(.vector_15)
 .vector_15     0x9fc013e0        0x8 c:/program files (x86)/microchip/xc32/v2.15/bin/bin/../../lib/gcc/pic32mx/4.8.3/../../../../pic32mx/lib\libpic32.a(vector15.o)
                0x9fc013e0                __vector_dispatch_15
                0x00000001                ASSERT (((_vector_spacing == 0x0) || (SIZEOF (.vector_15) <= (_vector_spacing << 0x5))), function at exception vector 15 too large)

.vector_16      0x9fc01400        0x8
 *(.vector_16)
 .vector_16     0x9fc01400        0x8 c:/program files (x86)/microchip/xc32/v2.15/bin/bin/../../lib/gcc/pic32mx/4.8.3/../../../../pic32mx/lib\libpic32.a(vector16.o)
                0x9fc01400                __vector_dispatch_16
                0x00000001                ASSERT (((_vector_spacing == 0x0) || (SIZEOF (.vector_16) <= (_vector_spacing << 0x5))), function at exception vector 16 too large)

.vector_17      0x9fc01420        0x8
 *(.vector_17)
 .vector_17     0x9fc01420        0x8 c:/program files (x86)/microchip/xc32/v2.15/bin/bin/../../lib/gcc/pic32mx/4.8.3/../../../../pic32mx/lib\libpic32.a(vector17.o)
                0x9fc01420                __vector_dispatch_17
                0x00000001                ASSERT (((_vector_spacing == 0x0) || (SIZEOF (.vector_17) <= (_vector_spacing << 0x5))), function at exception vector 17 too large)

.vector_18      0x9fc01440        0x8
 *(.vector_18)
 .vector_18     0x9fc01440        0x8 c:/program files (x86)/microchip/xc32/v2.15/bin/bin/../../lib/gcc/pic32mx/4.8.3/../../../../pic32mx/lib\libpic32.a(vector18.o)
                0x9fc01440                __vector_dispatch_18
                0x00000001                ASSERT (((_vector_spacing == 0x0) || (SIZEOF (.vector_18) <= (_vector_spacing << 0x5))), function at exception vector 18 too large)

.vector_19      0x9fc01460        0x8
 *(.vector_19)
 .vector_19     0x9fc01460        0x8 c:/program files (x86)/microchip/xc32/v2.15/bin/bin/../../lib/gcc/pic32mx/4.8.3/../../../../pic32mx/lib\libpic32.a(vector19.o)
                0x9fc01460                __vector_dispatch_19
                0x00000001                ASSERT (((_vector_spacing == 0x0) || (SIZEOF (.vector_19) <= (_vector_spacing << 0x5))), function at exception vector 19 too large)

.vector_20      0x9fc01480        0x8
 *(.vector_20)
 .vector_20     0x9fc01480        0x8 c:/program files (x86)/microchip/xc32/v2.15/bin/bin/../../lib/gcc/pic32mx/4.8.3/../../../../pic32mx/lib\libpic32.a(vector20.o)
                0x9fc01480                __vector_dispatch_20
                0x00000001                ASSERT (((_vector_spacing == 0x0) || (SIZEOF (.vector_20) <= (_vector_spacing << 0x5))), function at exception vector 20 too large)

.vector_21      0x9fc014a0        0x8
 *(.vector_21)
 .vector_21     0x9fc014a0        0x8 c:/program files (x86)/microchip/xc32/v2.15/bin/bin/../../lib/gcc/pic32mx/4.8.3/../../../../pic32mx/lib\libpic32.a(vector21.o)
                0x9fc014a0                __vector_dispatch_21
                0x00000001                ASSERT (((_vector_spacing == 0x0) || (SIZEOF (.vector_21) <= (_vector_spacing << 0x5))), function at exception vector 21 too large)

.vector_22      0x9fc014c0        0x8
 *(.vector_22)
 .vector_22     0x9fc014c0        0x8 c:/program files (x86)/microchip/xc32/v2.15/bin/bin/../../lib/gcc/pic32mx/4.8.3/../../../../pic32mx/lib\libpic32.a(vector22.o)
                0x9fc014c0                __vector_dispatch_22
                0x00000001                ASSERT (((_vector_spacing == 0x0) || (SIZEOF (.vector_22) <= (_vector_spacing << 0x5))), function at exception vector 22 too large)

.vector_23      0x9fc014e0        0x8
 *(.vector_23)
 .vector_23     0x9fc014e0        0x8 c:/program files (x86)/microchip/xc32/v2.15/bin/bin/../../lib/gcc/pic32mx/4.8.3/../../../../pic32mx/lib\libpic32.a(vector23.o)
                0x9fc014e0                __vector_dispatch_23
                0x00000001                ASSERT (((_vector_spacing == 0x0) || (SIZEOF (.vector_23) <= (_vector_spacing << 0x5))), function at exception vector 23 too large)

.vector_24      0x9fc01500        0x8
 *(.vector_24)
 .vector_24     0x9fc01500        0x8 c:/program files (x86)/microchip/xc32/v2.15/bin/bin/../../lib/gcc/pic32mx/4.8.3/../../../../pic32mx/lib\libpic32.a(vector24.o)
                0x9fc01500                __vector_dispatch_24
                0x00000001                ASSERT (((_vector_spacing == 0x0) || (SIZEOF (.vector_24) <= (_vector_spacing << 0x5))), function at exception vector 24 too large)

.vector_25      0x9fc01520        0x8
 *(.vector_25)
 .vector_25     0x9fc01520        0x8 c:/program files (x86)/microchip/xc32/v2.15/bin/bin/../../lib/gcc/pic32mx/4.8.3/../../../../pic32mx/lib\libpic32.a(vector25.o)
                0x9fc01520                __vector_dispatch_25
                0x00000001                ASSERT (((_vector_spacing == 0x0) || (SIZEOF (.vector_25) <= (_vector_spacing << 0x5))), function at exception vector 25 too large)

.vector_26      0x9fc01540        0x8
 *(.vector_26)
 .vector_26     0x9fc01540        0x8 c:/program files (x86)/microchip/xc32/v2.15/bin/bin/../../lib/gcc/pic32mx/4.8.3/../../../../pic32mx/lib\libpic32.a(vector26.o)
                0x9fc01540                __vector_dispatch_26
                0x00000001                ASSERT (((_vector_spacing == 0x0) || (SIZEOF (.vector_26) <= (_vector_spacing << 0x5))), function at exception vector 26 too large)

.vector_27      0x9fc01560        0x8
 *(.vector_27)
 .vector_27     0x9fc01560        0x8 c:/program files (x86)/microchip/xc32/v2.15/bin/bin/../../lib/gcc/pic32mx/4.8.3/../../../../pic32mx/lib\libpic32.a(vector27.o)
                0x9fc01560                __vector_dispatch_27
                0x00000001                ASSERT (((_vector_spacing == 0x0) || (SIZEOF (.vector_27) <= (_vector_spacing << 0x5))), function at exception vector 27 too large)

.vector_28      0x9fc01580        0x8
 *(.vector_28)
 .vector_28     0x9fc01580        0x8 c:/program files (x86)/microchip/xc32/v2.15/bin/bin/../../lib/gcc/pic32mx/4.8.3/../../../../pic32mx/lib\libpic32.a(vector28.o)
                0x9fc01580                __vector_dispatch_28
                0x00000001                ASSERT (((_vector_spacing == 0x0) || (SIZEOF (.vector_28) <= (_vector_spacing << 0x5))), function at exception vector 28 too large)

.vector_29      0x9fc015a0        0x8
 *(.vector_29)
 .vector_29     0x9fc015a0        0x8 c:/program files (x86)/microchip/xc32/v2.15/bin/bin/../../lib/gcc/pic32mx/4.8.3/../../../../pic32mx/lib\libpic32.a(vector29.o)
                0x9fc015a0                __vector_dispatch_29
                0x00000001                ASSERT (((_vector_spacing == 0x0) || (SIZEOF (.vector_29) <= (_vector_spacing << 0x5))), function at exception vector 29 too large)

.vector_30      0x9fc015c0        0x8
 *(.vector_30)
 .vector_30     0x9fc015c0        0x8 c:/program files (x86)/microchip/xc32/v2.15/bin/bin/../../lib/gcc/pic32mx/4.8.3/../../../../pic32mx/lib\libpic32.a(vector30.o)
                0x9fc015c0                __vector_dispatch_30
                0x00000001                ASSERT (((_vector_spacing == 0x0) || (SIZEOF (.vector_30) <= (_vector_spacing << 0x5))), function at exception vector 30 too large)

.vector_31      0x9fc015e0        0x8
 *(.vector_31)
 .vector_31     0x9fc015e0        0x8 c:/program files (x86)/microchip/xc32/v2.15/bin/bin/../../lib/gcc/pic32mx/4.8.3/../../../../pic32mx/lib\libpic32.a(vector31.o)
                0x9fc015e0                __vector_dispatch_31
                0x00000001                ASSERT (((_vector_spacing == 0x0) || (SIZEOF (.vector_31) <= (_vector_spacing << 0x5))), function at exception vector 31 too large)

.vector_32      0x9fc01600        0x8
 *(.vector_32)
 .vector_32     0x9fc01600        0x8 c:/program files (x86)/microchip/xc32/v2.15/bin/bin/../../lib/gcc/pic32mx/4.8.3/../../../../pic32mx/lib\libpic32.a(vector32.o)
                0x9fc01600                __vector_dispatch_32
                0x00000001                ASSERT (((_vector_spacing == 0x0) || (SIZEOF (.vector_32) <= (_vector_spacing << 0x5))), function at exception vector 32 too large)

.vector_33      0x9fc01620        0x8
 *(.vector_33)
 .vector_33     0x9fc01620        0x8 c:/program files (x86)/microchip/xc32/v2.15/bin/bin/../../lib/gcc/pic32mx/4.8.3/../../../../pic32mx/lib\libpic32.a(vector33.o)
                0x9fc01620                __vector_dispatch_33
                0x00000001                ASSERT (((_vector_spacing == 0x0) || (SIZEOF (.vector_33) <= (_vector_spacing << 0x5))), function at exception vector 33 too large)

.vector_34      0x9fc01640        0x8
 *(.vector_34)
 .vector_34     0x9fc01640        0x8 c:/program files (x86)/microchip/xc32/v2.15/bin/bin/../../lib/gcc/pic32mx/4.8.3/../../../../pic32mx/lib\libpic32.a(vector34.o)
                0x9fc01640                __vector_dispatch_34
                0x00000001                ASSERT (((_vector_spacing == 0x0) || (SIZEOF (.vector_34) <= (_vector_spacing << 0x5))), function at exception vector 34 too large)

.vector_35      0x9fc01660        0x8
 *(.vector_35)
 .vector_35     0x9fc01660        0x8 c:/program files (x86)/microchip/xc32/v2.15/bin/bin/../../lib/gcc/pic32mx/4.8.3/../../../../pic32mx/lib\libpic32.a(vector35.o)
                0x9fc01660                __vector_dispatch_35
                0x00000001                ASSERT (((_vector_spacing == 0x0) || (SIZEOF (.vector_35) <= (_vector_spacing << 0x5))), function at exception vector 35 too large)

.vector_36      0x9fc01680        0x8
 *(.vector_36)
 .vector_36     0x9fc01680        0x8 c:/program files (x86)/microchip/xc32/v2.15/bin/bin/../../lib/gcc/pic32mx/4.8.3/../../../../pic32mx/lib\libpic32.a(vector36.o)
                0x9fc01680                __vector_dispatch_36
                0x00000001                ASSERT (((_vector_spacing == 0x0) || (SIZEOF (.vector_36) <= (_vector_spacing << 0x5))), function at exception vector 36 too large)

.vector_37      0x9fc016a0        0x8
 *(.vector_37)
 .vector_37     0x9fc016a0        0x8 c:/program files (x86)/microchip/xc32/v2.15/bin/bin/../../lib/gcc/pic32mx/4.8.3/../../../../pic32mx/lib\libpic32.a(vector37.o)
                0x9fc016a0                __vector_dispatch_37
                0x00000001                ASSERT (((_vector_spacing == 0x0) || (SIZEOF (.vector_37) <= (_vector_spacing << 0x5))), function at exception vector 37 too large)

.vector_38      0x9fc016c0        0x8
 *(.vector_38)
 .vector_38     0x9fc016c0        0x8 c:/program files (x86)/microchip/xc32/v2.15/bin/bin/../../lib/gcc/pic32mx/4.8.3/../../../../pic32mx/lib\libpic32.a(vector38.o)
                0x9fc016c0                __vector_dispatch_38
                0x00000001                ASSERT (((_vector_spacing == 0x0) || (SIZEOF (.vector_38) <= (_vector_spacing << 0x5))), function at exception vector 38 too large)

.vector_39      0x9fc016e0        0x8
 *(.vector_39)
 .vector_39     0x9fc016e0        0x8 c:/program files (x86)/microchip/xc32/v2.15/bin/bin/../../lib/gcc/pic32mx/4.8.3/../../../../pic32mx/lib\libpic32.a(vector39.o)
                0x9fc016e0                __vector_dispatch_39
                0x00000001                ASSERT (((_vector_spacing == 0x0) || (SIZEOF (.vector_39) <= (_vector_spacing << 0x5))), function at exception vector 39 too large)

.vector_40      0x9fc01700        0x8
 *(.vector_40)
 .vector_40     0x9fc01700        0x8 c:/program files (x86)/microchip/xc32/v2.15/bin/bin/../../lib/gcc/pic32mx/4.8.3/../../../../pic32mx/lib\libpic32.a(vector40.o)
                0x9fc01700                __vector_dispatch_40
                0x00000001                ASSERT (((_vector_spacing == 0x0) || (SIZEOF (.vector_40) <= (_vector_spacing << 0x5))), function at exception vector 40 too large)

.vector_41      0x9fc01720        0x8
 *(.vector_41)
 .vector_41     0x9fc01720        0x8 c:/program files (x86)/microchip/xc32/v2.15/bin/bin/../../lib/gcc/pic32mx/4.8.3/../../../../pic32mx/lib\libpic32.a(vector41.o)
                0x9fc01720                __vector_dispatch_41
                0x00000001                ASSERT (((_vector_spacing == 0x0) || (SIZEOF (.vector_41) <= (_vector_spacing << 0x5))), function at exception vector 41 too large)

.vector_42      0x9fc01740        0x8
 *(.vector_42)
 .vector_42     0x9fc01740        0x8 c:/program files (x86)/microchip/xc32/v2.15/bin/bin/../../lib/gcc/pic32mx/4.8.3/../../../../pic32mx/lib\libpic32.a(vector42.o)
                0x9fc01740                __vector_dispatch_42
                0x00000001                ASSERT (((_vector_spacing == 0x0) || (SIZEOF (.vector_42) <= (_vector_spacing << 0x5))), function at exception vector 42 too large)

.vector_43      0x9fc01760        0x8
 *(.vector_43)
 .vector_43     0x9fc01760        0x8 c:/program files (x86)/microchip/xc32/v2.15/bin/bin/../../lib/gcc/pic32mx/4.8.3/../../../../pic32mx/lib\libpic32.a(vector43.o)
                0x9fc01760                __vector_dispatch_43
                0x00000001                ASSERT (((_vector_spacing == 0x0) || (SIZEOF (.vector_43) <= (_vector_spacing << 0x5))), function at exception vector 43 too large)

.vector_44      0x9fc01780        0x8
 *(.vector_44)
 .vector_44     0x9fc01780        0x8 c:/program files (x86)/microchip/xc32/v2.15/bin/bin/../../lib/gcc/pic32mx/4.8.3/../../../../pic32mx/lib\libpic32.a(vector44.o)
                0x9fc01780                __vector_dispatch_44
                0x00000001                ASSERT (((_vector_spacing == 0x0) || (SIZEOF (.vector_44) <= (_vector_spacing << 0x5))), function at exception vector 44 too large)

.vector_45      0x9fc017a0        0x8
 *(.vector_45)
 .vector_45     0x9fc017a0        0x8 c:/program files (x86)/microchip/xc32/v2.15/bin/bin/../../lib/gcc/pic32mx/4.8.3/../../../../pic32mx/lib\libpic32.a(vector45.o)
                0x9fc017a0                __vector_dispatch_45
                0x00000001                ASSERT (((_vector_spacing == 0x0) || (SIZEOF (.vector_45) <= (_vector_spacing << 0x5))), function at exception vector 45 too large)

.vector_46      0x9fc017c0        0x8
 *(.vector_46)
 .vector_46     0x9fc017c0        0x8 c:/program files (x86)/microchip/xc32/v2.15/bin/bin/../../lib/gcc/pic32mx/4.8.3/../../../../pic32mx/lib\libpic32.a(vector46.o)
                0x9fc017c0                __vector_dispatch_46
                0x00000001                ASSERT (((_vector_spacing == 0x0) || (SIZEOF (.vector_46) <= (_vector_spacing << 0x5))), function at exception vector 46 too large)

.vector_47      0x9fc017e0        0x8
 *(.vector_47)
 .vector_47     0x9fc017e0        0x8 c:/program files (x86)/microchip/xc32/v2.15/bin/bin/../../lib/gcc/pic32mx/4.8.3/../../../../pic32mx/lib\libpic32.a(vector47.o)
                0x9fc017e0                __vector_dispatch_47
                0x00000001                ASSERT (((_vector_spacing == 0x0) || (SIZEOF (.vector_47) <= (_vector_spacing << 0x5))), function at exception vector 47 too large)

.vector_48      0x9fc01800        0x8
 *(.vector_48)
 .vector_48     0x9fc01800        0x8 c:/program files (x86)/microchip/xc32/v2.15/bin/bin/../../lib/gcc/pic32mx/4.8.3/../../../../pic32mx/lib\libpic32.a(vector48.o)
                0x9fc01800                __vector_dispatch_48
                0x00000001                ASSERT (((_vector_spacing == 0x0) || (SIZEOF (.vector_48) <= (_vector_spacing << 0x5))), function at exception vector 48 too large)

.vector_49      0x9fc01820        0x8
 *(.vector_49)
 .vector_49     0x9fc01820        0x8 c:/program files (x86)/microchip/xc32/v2.15/bin/bin/../../lib/gcc/pic32mx/4.8.3/../../../../pic32mx/lib\libpic32.a(vector49.o)
                0x9fc01820                __vector_dispatch_49
                0x00000001                ASSERT (((_vector_spacing == 0x0) || (SIZEOF (.vector_49) <= (_vector_spacing << 0x5))), function at exception vector 49 too large)

.vector_50      0x9fc01840        0x8
 *(.vector_50)
 .vector_50     0x9fc01840        0x8 c:/program files (x86)/microchip/xc32/v2.15/bin/bin/../../lib/gcc/pic32mx/4.8.3/../../../../pic32mx/lib\libpic32.a(vector50.o)
                0x9fc01840                __vector_dispatch_50
                0x00000001                ASSERT (((_vector_spacing == 0x0) || (SIZEOF (.vector_50) <= (_vector_spacing << 0x5))), function at exception vector 50 too large)

.vector_51      0x9fc01860        0x8
 *(.vector_51)
 .vector_51     0x9fc01860        0x8 c:/program files (x86)/microchip/xc32/v2.15/bin/bin/../../lib/gcc/pic32mx/4.8.3/../../../../pic32mx/lib\libpic32.a(vector51.o)
                0x9fc01860                __vector_dispatch_51
                0x00000001                ASSERT (((_vector_spacing == 0x0) || (SIZEOF (.vector_51) <= (_vector_spacing << 0x5))), function at exception vector 51 too large)

.vector_52      0x9fc01880        0x0
 *(.vector_52)
                0x00000001                ASSERT (((_vector_spacing == 0x0) || (SIZEOF (.vector_52) <= (_vector_spacing << 0x5))), function at exception vector 52 too large)

.vector_53      0x9fc018a0        0x0
 *(.vector_53)
                0x00000001                ASSERT (((_vector_spacing == 0x0) || (SIZEOF (.vector_53) <= (_vector_spacing << 0x5))), function at exception vector 53 too large)

.vector_54      0x9fc018c0        0x0
 *(.vector_54)
                0x00000001                ASSERT (((_vector_spacing == 0x0) || (SIZEOF (.vector_54) <= (_vector_spacing << 0x5))), function at exception vector 54 too large)

.vector_55      0x9fc018e0        0x0
 *(.vector_55)
                0x00000001                ASSERT (((_vector_spacing == 0x0) || (SIZEOF (.vector_55) <= (_vector_spacing << 0x5))), function at exception vector 55 too large)

.vector_56      0x9fc01900        0x0
 *(.vector_56)
                0x00000001                ASSERT (((_vector_spacing == 0x0) || (SIZEOF (.vector_56) <= (_vector_spacing << 0x5))), function at exception vector 56 too large)

.vector_57      0x9fc01920        0x0
 *(.vector_57)
                0x00000001                ASSERT (((_vector_spacing == 0x0) || (SIZEOF (.vector_57) <= (_vector_spacing << 0x5))), function at exception vector 57 too large)

.vector_58      0x9fc01940        0x0
 *(.vector_58)
                0x00000001                ASSERT (((_vector_spacing == 0x0) || (SIZEOF (.vector_58) <= (_vector_spacing << 0x5))), function at exception vector 58 too large)

.vector_59      0x9fc01960        0x0
 *(.vector_59)
                0x00000001                ASSERT (((_vector_spacing == 0x0) || (SIZEOF (.vector_59) <= (_vector_spacing << 0x5))), function at exception vector 59 too large)

.vector_60      0x9fc01980        0x0
 *(.vector_60)
                0x00000001                ASSERT (((_vector_spacing == 0x0) || (SIZEOF (.vector_60) <= (_vector_spacing << 0x5))), function at exception vector 60 too large)

.vector_61      0x9fc019a0        0x0
 *(.vector_61)
                0x00000001                ASSERT (((_vector_spacing == 0x0) || (SIZEOF (.vector_61) <= (_vector_spacing << 0x5))), function at exception vector 61 too large)

.vector_62      0x9fc019c0        0x0
 *(.vector_62)
                0x00000001                ASSERT (((_vector_spacing == 0x0) || (SIZEOF (.vector_62) <= (_vector_spacing << 0x5))), function at exception vector 62 too large)

.vector_63      0x9fc019e0        0x0
 *(.vector_63)
                0x00000001                ASSERT (((_vector_spacing == 0x0) || (SIZEOF (.vector_63) <= (_vector_spacing << 0x5))), function at exception vector 63 too large)

.startup
 *(.startup)

.text           0x9d000000        0x0
 *(.stub .gnu.linkonce.t.*)
 *(.text.*personality*)
 *(.mips16.fn.*)
 *(.mips16.call.*)
 *(.gnu.warning)
                0x9d000000                . = ALIGN (0x4)

.init           0x9d000000        0x0
 *crti.o(.init)
 *crtbegin.o(.init)
 *(EXCLUDE_FILE(*crtn.o *crtend?.o *crtend.o) .init)
 *crtend.o(.init)
 *crtn.o(.init)
                0x9d000000                . = ALIGN (0x4)

.fini           0x9d000000        0x0
 *(.fini)
                0x9d000000                . = ALIGN (0x4)

.preinit_array  0x9d000000        0x0
                0x9d000000                PROVIDE (__preinit_array_start, .)
 *(.preinit_array)
                0x9d000000                PROVIDE (__preinit_array_end, .)
                0x9d000000                . = ALIGN (0x4)

.init_array     0x9d000000        0x0
                0x9d000000                PROVIDE (__init_array_start, .)
 *(SORT(.init_array.*))
 *(.init_array)
                0x9d000000                PROVIDE (__init_array_end, .)
                0x9d000000                . = ALIGN (0x4)

.fini_array     0x9d000000        0x0
                0x9d000000                PROVIDE (__fini_array_start, .)
 *(SORT(.fini_array.*))
 *(.fini_array)
                0x9d000000                PROVIDE (__fini_array_end, .)
                0x9d000000                . = ALIGN (0x4)

.ctors          0x9d000000        0x0
 *crtbegin.o(.ctors)
 *crtbegin?.o(.ctors)
 *(EXCLUDE_FILE(*crtend?.o *crtend.o) .ctors)
 *(SORT(.ctors.*))
 *(.ctors)
                0x9d000000                . = ALIGN (0x4)

.dtors          0x9d000000        0x0
 *crtbegin.o(.dtors)
 *crtbegin?.o(.dtors)
 *(EXCLUDE_FILE(*crtend?.o *crtend.o) .dtors)
 *(SORT(.dtors.*))
 *(.dtors)
                0x9d000000                . = ALIGN (0x4)

.rodata         0x9d000000        0x0
 *(.gnu.linkonce.r.*)
 *(.rodata1)
                0x9d000000                . = ALIGN (0x4)

.sdata2         0x9fc00490        0x0
 *(.sdata2 .sdata2.* .gnu.linkonce.s2.*)
                0x9fc00490                . = ALIGN (0x4)

.sbss2          0x9fc00490        0x0
 *(.sbss2 .sbss2.* .gnu.linkonce.sb2.*)
                0x9fc00490                . = ALIGN (0x4)

.eh_frame_hdr
 *(.eh_frame_hdr)
                0x9fc00490                . = ALIGN (0x4)

.eh_frame
 *(.eh_frame)
                0x9fc00490                . = ALIGN (0x4)

.gcc_except_table
 *(.gcc_except_table .gcc_except_table.*)
                0x9fc00490                . = ALIGN (0x4)

.dbg_data       0xa0000000        0x0
                0xa0000000                . = (. + DEFINED (_DEBUGGER)?0x200:0x0)

.jcr            0xa0000000        0x0
 *(.jcr)
                0xa0000000                . = ALIGN (0x4)

.eh_frame
 *(.eh_frame)
                0xa0000000                . = ALIGN (0x4)

.gcc_except_table
 *(.gcc_except_table .gcc_except_table.*)
                0xa0000000                . = ALIGN (0x4)

.persist        0xa0000000        0x0
                0xa0000000                _persist_begin = .
 *(.persist .persist.*)
 *(.pbss .pbss.*)
                0xa0000000                . = ALIGN (0x4)
                0xa0000000                _persist_end = .

.data           0xa0000000        0x0
 *(.gnu.linkonce.d.*)
 *(.data1)
                0xa0000000                . = ALIGN (0x4)
                0xa0000000                . = .
                0xa0007ff0                _gp = (ALIGN (0x10) + 0x7ff0)

.got            0xa0000000        0x0
 *(.got.plt)
 *(.got)
                0xa0000000                . = ALIGN (0x4)

.sdata          0xa0000000        0x4
                0xa0000000                _sdata_begin = .
 *(.sdata .sdata.* .gnu.linkonce.s.*)
 .sdata         0xa0000000        0x4 build/default/production/_ext/12131622/port.o
                0xa0000000                uxInterruptNesting
                0xa0000004                . = ALIGN (0x4)
                0xa0000004                _sdata_end = .

.lit8
 *(.lit8)

.lit4
 *(.lit4)
                0xa0000004                . = ALIGN (0x4)
                0xa0000004                _data_end = .
                0xa0000004                _bss_begin = .

.sbss           0xa0000004       0x8c
                0xa0000004                _sbss_begin = .
 *(.dynsbss)
 *(.sbss .sbss.* .gnu.linkonce.sb.*)
 .sbss          0xa0000004        0x1 build/default/production/_ext/1407244131/drv_tmr_static.o
 *fill*         0xa0000005        0x3 
 .sbss          0xa0000008        0x8 build/default/production/_ext/1688732426/system_interrupt.o
 .sbss          0xa0000010        0xc build/default/production/_ext/1688732426/system_exceptions.o
 .sbss          0xa000001c        0xc build/default/production/_ext/1360937237/motor_state.o
 .sbss          0xa0000028        0x8 build/default/production/_ext/1856876499/heap_1.o
 .sbss          0xa0000030        0x4 build/default/production/_ext/12131622/port.o
                0xa0000030                uxSavedTaskStackPointer
 .sbss          0xa0000034       0x3c build/default/production/_ext/1128951024/tasks.o
                0xa000006c                pxCurrentTCB
 *(.scommon)
 .scommon       0xa0000070        0x8 build/default/production/_ext/1047219354/drv_oc_mapping.o
                0xa0000070                xQueue
                0xa0000074                displacement
 .scommon       0xa0000078        0x0 build/default/production/_ext/327000265/drv_usart_mapping.o
 .scommon       0xa0000078        0x8 build/default/production/_ext/327000265/drv_usart_static.o
                0xa0000078                gDrvUSART0Obj
 .scommon       0xa0000080        0x0 build/default/production/_ext/327000265/drv_usart_static_byte_model.o
 .scommon       0xa0000080        0x0 build/default/production/_ext/639803181/sys_clk_pic32mx.o
 .scommon       0xa0000080        0x8 build/default/production/_ext/340578644/sys_devcon.o
                0xa0000080                sysDevconObj
 .scommon       0xa0000088        0x8 build/default/production/_ext/1688732426/system_init.o
                0xa0000088                sysObj
 .scommon       0xa0000090        0x0 build/default/production/_ext/1688732426/system_interrupt.o
 .scommon       0xa0000090        0x0 build/default/production/_ext/1688732426/system_exceptions.o
 .scommon       0xa0000090        0x0 build/default/production/_ext/1688732426/system_tasks.o
 .scommon       0xa0000090        0x0 build/default/production/_ext/1360937237/app.o
 .scommon       0xa0000090        0x0 build/default/production/_ext/1360937237/debug.o
 .scommon       0xa0000090        0x0 build/default/production/_ext/1360937237/motor.o
 .scommon       0xa0000090        0x0 build/default/production/_ext/1360937237/motor_queue.o
 .scommon       0xa0000090        0x0 build/default/production/_ext/1360937237/motor_state.o
                0xa0000090                _sbss_end = .
                0xa0000090                . = ALIGN (0x4)

.bss            0xa0000090        0x0
 *(.dynbss)
 *(COMMON)
                0xa0000090                . = ALIGN ((. != 0x0)?0x4:0x1)
                0xa0000090                . = ALIGN (0x4)
                0xa0000090                _end = .
                0xa0000090                _bss_end = .
                0x00020000                _bmxdudba_address = 0x20000
                0x00020000                _bmxdupba_address = 0x20000

/DISCARD/
 *(.pdr)
 *(.rel.dyn)
 *(.note.GNU-stack)
 *(.note.GNU-stack)
 *(.gnu_debuglink)
 *(.gnu.lto_*)
 *(.discard)

.gptab.sdata
 *(.gptab.data)
 *(.gptab.sdata)

.gptab.sbss
 *(.gptab.bss)
 *(.gptab.sbss)

.mdebug.abi32   0xa0000090        0x0
 *(.mdebug.abi32)
 .mdebug.abi32  0xa0000090        0x0 build/default/production/_ext/1047219354/drv_oc_mapping.o
 .mdebug.abi32  0xa0000090        0x0 build/default/production/_ext/1047219354/drv_oc_static.o
 .mdebug.abi32  0xa0000090        0x0 build/default/production/_ext/1407244131/drv_tmr_static.o
 .mdebug.abi32  0xa0000090        0x0 build/default/production/_ext/1407244131/drv_tmr_mapping.o
 .mdebug.abi32  0xa0000090        0x0 build/default/production/_ext/327000265/drv_usart_mapping.o
 .mdebug.abi32  0xa0000090        0x0 build/default/production/_ext/327000265/drv_usart_static.o
 .mdebug.abi32  0xa0000090        0x0 build/default/production/_ext/327000265/drv_usart_static_byte_model.o
 .mdebug.abi32  0xa0000090        0x0 build/default/production/_ext/639803181/sys_clk_pic32mx.o
 .mdebug.abi32  0xa0000090        0x0 build/default/production/_ext/340578644/sys_devcon.o
 .mdebug.abi32  0xa0000090        0x0 build/default/production/_ext/340578644/sys_devcon_pic32mx.o
 .mdebug.abi32  0xa0000090        0x0 build/default/production/_ext/822048611/sys_ports_static.o
 .mdebug.abi32  0xa0000090        0x0 build/default/production/_ext/1688732426/system_init.o
 .mdebug.abi32  0xa0000090        0x0 build/default/production/_ext/1688732426/system_interrupt.o
 .mdebug.abi32  0xa0000090        0x0 build/default/production/_ext/1688732426/system_exceptions.o
 .mdebug.abi32  0xa0000090        0x0 build/default/production/_ext/1688732426/system_tasks.o
 .mdebug.abi32  0xa0000090        0x0 build/default/production/_ext/1688732426/rtos_hooks.o
 .mdebug.abi32  0xa0000090        0x0 build/default/production/_ext/1360937237/app.o
 .mdebug.abi32  0xa0000090        0x0 build/default/production/_ext/1360937237/debug.o
 .mdebug.abi32  0xa0000090        0x0 build/default/production/_ext/1360937237/main.o
 .mdebug.abi32  0xa0000090        0x0 build/default/production/_ext/1360937237/motor.o
 .mdebug.abi32  0xa0000090        0x0 build/default/production/_ext/1360937237/motor_queue.o
 .mdebug.abi32  0xa0000090        0x0 build/default/production/_ext/1360937237/motor_state.o
 .mdebug.abi32  0xa0000090        0x0 build/default/production/_ext/24337685/osal_freertos.o
 .mdebug.abi32  0xa0000090        0x0 build/default/production/_ext/122796885/sys_int_pic32.o
 .mdebug.abi32  0xa0000090        0x0 build/default/production/_ext/1856876499/heap_1.o
 .mdebug.abi32  0xa0000090        0x0 build/default/production/_ext/12131622/port.o
 .mdebug.abi32  0xa0000090        0x0 build/default/production/_ext/1128951024/croutine.o
 .mdebug.abi32  0xa0000090        0x0 build/default/production/_ext/1128951024/list.o
 .mdebug.abi32  0xa0000090        0x0 build/default/production/_ext/1128951024/queue.o
 .mdebug.abi32  0xa0000090        0x0 build/default/production/_ext/1128951024/tasks.o
 .mdebug.abi32  0xa0000090        0x0 build/default/production/_ext/1128951024/timers.o
 .mdebug.abi32  0xa0000090        0x0 build/default/production/_ext/1128951024/event_groups.o
 .mdebug.abi32  0xa0000090        0x0 build/default/production/_ext/1128951024/stream_buffer.o
 .mdebug.abi32  0xa0000090        0x0 c:/program files (x86)/microchip/xc32/v2.15/bin/bin/../../lib/gcc/pic32mx/4.8.3/../../../../pic32mx/lib\libpic32.a(default-bootstrap-exception-handler.o)
 .mdebug.abi32  0xa0000090        0x0 c:/program files (x86)/microchip/xc32/v2.15/bin/bin/../../lib/gcc/pic32mx/4.8.3/../../../../pic32mx/lib\libpic32.a(default-on-reset.o)
 .mdebug.abi32  0xa0000090        0x0 c:/program files (x86)/microchip/xc32/v2.15/bin/bin/../../lib/gcc/pic32mx/4.8.3/../../../../pic32mx/lib\libpic32.a(default-on-bootstrap.o)
 .mdebug.abi32  0xa0000090        0x0 c:/program files (x86)/microchip/xc32/v2.15/bin/bin/../../lib/gcc/pic32mx/4.8.3/../../../../pic32mx/lib\libpic32.a(defaultinterrupt.o)
 .mdebug.abi32  0xa0000090        0x0 c:/program files (x86)/microchip/xc32/v2.15/bin/bin/../../lib/gcc/pic32mx/4.8.3/../../../../pic32mx/lib\libc.a(atoi.o)
 .mdebug.abi32  0xa0000090        0x0 c:/program files (x86)/microchip/xc32/v2.15/bin/bin/../../lib/gcc/pic32mx/4.8.3/../../../../pic32mx/lib\libc.a(ctype.o)

.mdebug.abiN32
 *(.mdebug.abiN32)

.mdebug.abi64
 *(.mdebug.abi64)

.mdebug.abiO64
 *(.mdebug.abiO64)

.mdebug.eabi32
 *(.mdebug.eabi32)

.mdebug.eabi64
 *(.mdebug.eabi64)

.gcc_compiled_long32
 *(.gcc_compiled_long32)

.gcc_compiled_long64
 *(.gcc_compiled_long64)

.stab
 *(.stab)

.stabstr
 *(.stabstr)

.stab.excl
 *(.stab.excl)

.stab.exclstr
 *(.stab.exclstr)

.stab.index
 *(.stab.index)

.stab.indexstr
 *(.stab.indexstr)

.comment        0x00000000       0xbb
 *(.comment)
 .comment       0x00000000       0x3c build/default/production/_ext/1047219354/drv_oc_mapping.o
                                 0x3d (size before relaxing)
 .comment       0x00000000       0x3d build/default/production/_ext/1047219354/drv_oc_static.o
 .comment       0x00000000       0x3d build/default/production/_ext/1407244131/drv_tmr_static.o
 .comment       0x00000000       0x3d build/default/production/_ext/1407244131/drv_tmr_mapping.o
 .comment       0x00000000       0x3d build/default/production/_ext/327000265/drv_usart_mapping.o
 .comment       0x00000000       0x3d build/default/production/_ext/327000265/drv_usart_static.o
 .comment       0x00000000       0x3d build/default/production/_ext/327000265/drv_usart_static_byte_model.o
 .comment       0x00000000       0x3d build/default/production/_ext/639803181/sys_clk_pic32mx.o
 .comment       0x00000000       0x3d build/default/production/_ext/340578644/sys_devcon.o
 .comment       0x00000000       0x3d build/default/production/_ext/340578644/sys_devcon_pic32mx.o
 .comment       0x00000000       0x3d build/default/production/_ext/822048611/sys_ports_static.o
 .comment       0x00000000       0x3d build/default/production/_ext/1688732426/system_init.o
 .comment       0x00000000       0x3d build/default/production/_ext/1688732426/system_interrupt.o
 .comment       0x00000000       0x3d build/default/production/_ext/1688732426/system_exceptions.o
 .comment       0x00000000       0x3d build/default/production/_ext/1688732426/system_tasks.o
 .comment       0x00000000       0x3d build/default/production/_ext/1688732426/rtos_hooks.o
 .comment       0x00000000       0x3d build/default/production/_ext/1360937237/app.o
 .comment       0x00000000       0x3d build/default/production/_ext/1360937237/debug.o
 .comment       0x00000000       0x3d build/default/production/_ext/1360937237/main.o
 .comment       0x00000000       0x3d build/default/production/_ext/1360937237/motor.o
 .comment       0x00000000       0x3d build/default/production/_ext/1360937237/motor_queue.o
 .comment       0x00000000       0x3d build/default/production/_ext/1360937237/motor_state.o
 .comment       0x00000000       0x3d build/default/production/_ext/24337685/osal_freertos.o
 .comment       0x00000000       0x3d build/default/production/_ext/122796885/sys_int_pic32.o
 .comment       0x00000000       0x3d build/default/production/_ext/1856876499/heap_1.o
 .comment       0x00000000       0x3d build/default/production/_ext/12131622/port.o
 .comment       0x00000000       0x3d build/default/production/_ext/1128951024/croutine.o
 .comment       0x00000000       0x3d build/default/production/_ext/1128951024/list.o
 .comment       0x00000000       0x3d build/default/production/_ext/1128951024/queue.o
 .comment       0x00000000       0x3d build/default/production/_ext/1128951024/tasks.o
 .comment       0x00000000       0x3d build/default/production/_ext/1128951024/timers.o
 .comment       0x00000000       0x3d build/default/production/_ext/1128951024/event_groups.o
 .comment       0x00000000       0x3d build/default/production/_ext/1128951024/stream_buffer.o
 .comment       0x0000003c       0x18 c:/program files (x86)/microchip/xc32/v2.15/bin/bin/../../lib/gcc/pic32mx/4.8.3/../../../../pic32mx/lib\libpic32.a(memset.o)
                                 0x19 (size before relaxing)
 .comment       0x00000054       0x19 c:/program files (x86)/microchip/xc32/v2.15/bin/bin/../../lib/gcc/pic32mx/4.8.3/../../../../pic32mx/lib\libpic32.a(strlen.o)
                                 0x1a (size before relaxing)
 .comment       0x00000000       0x3d c:/program files (x86)/microchip/xc32/v2.15/bin/bin/../../lib/gcc/pic32mx/4.8.3/../../../../pic32mx/lib\libpic32.a(default-bootstrap-exception-handler.o)
 .comment       0x00000000       0x3d c:/program files (x86)/microchip/xc32/v2.15/bin/bin/../../lib/gcc/pic32mx/4.8.3/../../../../pic32mx/lib\libpic32.a(default-on-reset.o)
 .comment       0x00000000       0x3d c:/program files (x86)/microchip/xc32/v2.15/bin/bin/../../lib/gcc/pic32mx/4.8.3/../../../../pic32mx/lib\libpic32.a(default-on-bootstrap.o)
 .comment       0x00000000       0x3d c:/program files (x86)/microchip/xc32/v2.15/bin/bin/../../lib/gcc/pic32mx/4.8.3/../../../../pic32mx/lib\libpic32.a(defaultinterrupt.o)
 .comment       0x00000000       0x3d c:/program files (x86)/microchip/xc32/v2.15/bin/bin/../../lib/gcc/pic32mx/4.8.3/../../../../pic32mx/lib\libc.a(atoi.o)
 .comment       0x0000006d       0x4e c:/program files (x86)/microchip/xc32/v2.15/bin/bin/../../lib/gcc/pic32mx/4.8.3/../../../../pic32mx/lib\libc.a(ctype.o)
                                 0x8b (size before relaxing)

.debug
 *(.debug)

.line
 *(.line)

.debug_srcinfo
 *(.debug_srcinfo)

.debug_sfnames
 *(.debug_sfnames)

.debug_aranges  0x00000000      0xe10
 *(.debug_aranges)
 .debug_aranges
                0x00000000       0x50 build/default/production/_ext/1047219354/drv_oc_mapping.o
 .debug_aranges
                0x00000050       0x78 build/default/production/_ext/1047219354/drv_oc_static.o
 .debug_aranges
                0x000000c8       0x90 build/default/production/_ext/1407244131/drv_tmr_static.o
 .debug_aranges
                0x00000158       0xe8 build/default/production/_ext/1407244131/drv_tmr_mapping.o
 .debug_aranges
                0x00000240       0xb0 build/default/production/_ext/327000265/drv_usart_mapping.o
 .debug_aranges
                0x000002f0       0x70 build/default/production/_ext/327000265/drv_usart_static.o
 .debug_aranges
                0x00000360       0x48 build/default/production/_ext/327000265/drv_usart_static_byte_model.o
 .debug_aranges
                0x000003a8       0x50 build/default/production/_ext/639803181/sys_clk_pic32mx.o
 .debug_aranges
                0x000003f8       0x78 build/default/production/_ext/340578644/sys_devcon.o
 .debug_aranges
                0x00000470       0x20 build/default/production/_ext/340578644/sys_devcon_pic32mx.o
 .debug_aranges
                0x00000490      0x148 build/default/production/_ext/822048611/sys_ports_static.o
 .debug_aranges
                0x000005d8       0x20 build/default/production/_ext/1688732426/system_init.o
 .debug_aranges
                0x000005f8       0x30 build/default/production/_ext/1688732426/system_interrupt.o
 .debug_aranges
                0x00000628       0x20 build/default/production/_ext/1688732426/system_exceptions.o
 .debug_aranges
                0x00000648       0x30 build/default/production/_ext/1688732426/system_tasks.o
 .debug_aranges
                0x00000678       0x48 build/default/production/_ext/1688732426/system_interrupt_a.o
 .debug_aranges
                0x000006c0       0x28 build/default/production/_ext/1688732426/rtos_hooks.o
 .debug_aranges
                0x000006e8       0x28 build/default/production/_ext/1360937237/app.o
 .debug_aranges
                0x00000710       0x38 build/default/production/_ext/1360937237/debug.o
 .debug_aranges
                0x00000748       0x20 build/default/production/_ext/1360937237/main.o
 .debug_aranges
                0x00000768       0x40 build/default/production/_ext/1360937237/motor.o
 .debug_aranges
                0x000007a8       0x30 build/default/production/_ext/1360937237/motor_queue.o
 .debug_aranges
                0x000007d8       0x48 build/default/production/_ext/1360937237/motor_state.o
 .debug_aranges
                0x00000820       0x88 build/default/production/_ext/24337685/osal_freertos.o
 .debug_aranges
                0x000008a8       0x48 build/default/production/_ext/122796885/sys_int_pic32.o
 .debug_aranges
                0x000008f0       0x38 build/default/production/_ext/1856876499/heap_1.o
 .debug_aranges
                0x00000928       0x58 build/default/production/_ext/12131622/port.o
 .debug_aranges
                0x00000980       0x20 build/default/production/_ext/12131622/port_asm.o
 .debug_aranges
                0x000009a0       0x18 build/default/production/_ext/1128951024/croutine.o
 .debug_aranges
                0x000009b8       0x40 build/default/production/_ext/1128951024/list.o
 .debug_aranges
                0x000009f8       0xc8 build/default/production/_ext/1128951024/queue.o
 .debug_aranges
                0x00000ac0      0x188 build/default/production/_ext/1128951024/tasks.o
 .debug_aranges
                0x00000c48       0x18 build/default/production/_ext/1128951024/timers.o
 .debug_aranges
                0x00000c60       0x60 build/default/production/_ext/1128951024/event_groups.o
 .debug_aranges
                0x00000cc0       0xb0 build/default/production/_ext/1128951024/stream_buffer.o
 .debug_aranges
                0x00000d70       0x20 c:/program files (x86)/microchip/xc32/v2.15/bin/bin/../../lib/gcc/pic32mx/4.8.3/../../../../pic32mx/lib\libpic32.a(default-bootstrap-exception-handler.o)
 .debug_aranges
                0x00000d90       0x20 c:/program files (x86)/microchip/xc32/v2.15/bin/bin/../../lib/gcc/pic32mx/4.8.3/../../../../pic32mx/lib\libpic32.a(default-on-reset.o)
 .debug_aranges
                0x00000db0       0x20 c:/program files (x86)/microchip/xc32/v2.15/bin/bin/../../lib/gcc/pic32mx/4.8.3/../../../../pic32mx/lib\libpic32.a(default-on-bootstrap.o)
 .debug_aranges
                0x00000dd0       0x20 c:/program files (x86)/microchip/xc32/v2.15/bin/bin/../../lib/gcc/pic32mx/4.8.3/../../../../pic32mx/lib\libpic32.a(defaultinterrupt.o)
 .debug_aranges
                0x00000df0       0x20 c:/program files (x86)/microchip/xc32/v2.15/bin/bin/../../lib/gcc/pic32mx/4.8.3/../../../../pic32mx/lib\libc.a(atoi.o)

.debug_pubnames
 *(.debug_pubnames)

.debug_info     0x00000000    0x2cb99
 *(.debug_info .gnu.linkonce.wi.*)
 .debug_info    0x00000000     0x1094 build/default/production/_ext/1047219354/drv_oc_mapping.o
 .debug_info    0x00001094     0x11cf build/default/production/_ext/1047219354/drv_oc_static.o
 .debug_info    0x00002263     0x3c2f build/default/production/_ext/1407244131/drv_tmr_static.o
 .debug_info    0x00005e92     0x17ec build/default/production/_ext/1407244131/drv_tmr_mapping.o
 .debug_info    0x0000767e     0x1bab build/default/production/_ext/327000265/drv_usart_mapping.o
 .debug_info    0x00009229     0x3a3e build/default/production/_ext/327000265/drv_usart_static.o
 .debug_info    0x0000cc67     0x18e9 build/default/production/_ext/327000265/drv_usart_static_byte_model.o
 .debug_info    0x0000e550     0x1731 build/default/production/_ext/639803181/sys_clk_pic32mx.o
 .debug_info    0x0000fc81     0x161b build/default/production/_ext/340578644/sys_devcon.o
 .debug_info    0x0001129c     0x176a build/default/production/_ext/340578644/sys_devcon_pic32mx.o
 .debug_info    0x00012a06     0x40ed build/default/production/_ext/822048611/sys_ports_static.o
 .debug_info    0x00016af3     0x26a5 build/default/production/_ext/1688732426/system_init.o
 .debug_info    0x00019198     0x192a build/default/production/_ext/1688732426/system_interrupt.o
 .debug_info    0x0001aac2      0xc22 build/default/production/_ext/1688732426/system_exceptions.o
 .debug_info    0x0001b6e4      0xebb build/default/production/_ext/1688732426/system_tasks.o
 .debug_info    0x0001c59f       0x94 build/default/production/_ext/1688732426/system_interrupt_a.o
 .debug_info    0x0001c633      0x24a build/default/production/_ext/1688732426/rtos_hooks.o
 .debug_info    0x0001c87d     0x15ef build/default/production/_ext/1360937237/app.o
 .debug_info    0x0001de6c     0x101d build/default/production/_ext/1360937237/debug.o
 .debug_info    0x0001ee89      0x1a2 build/default/production/_ext/1360937237/main.o
 .debug_info    0x0001f02b     0x1267 build/default/production/_ext/1360937237/motor.o
 .debug_info    0x00020292      0xcdb build/default/production/_ext/1360937237/motor_queue.o
 .debug_info    0x00020f6d     0x10ba build/default/production/_ext/1360937237/motor_state.o
 .debug_info    0x00022027      0xa17 build/default/production/_ext/24337685/osal_freertos.o
 .debug_info    0x00022a3e     0x1420 build/default/production/_ext/122796885/sys_int_pic32.o
 .debug_info    0x00023e5e      0x36b build/default/production/_ext/1856876499/heap_1.o
 .debug_info    0x000241c9     0x118f build/default/production/_ext/12131622/port.o
 .debug_info    0x00025358       0xb5 build/default/production/_ext/12131622/port_asm.o
 .debug_info    0x0002540d      0x167 build/default/production/_ext/1128951024/croutine.o
 .debug_info    0x00025574      0x46a build/default/production/_ext/1128951024/list.o
 .debug_info    0x000259de     0x1dc1 build/default/production/_ext/1128951024/queue.o
 .debug_info    0x0002779f     0x2a1e build/default/production/_ext/1128951024/tasks.o
 .debug_info    0x0002a1bd      0x165 build/default/production/_ext/1128951024/timers.o
 .debug_info    0x0002a322      0xd3d build/default/production/_ext/1128951024/event_groups.o
 .debug_info    0x0002b05f     0x16e3 build/default/production/_ext/1128951024/stream_buffer.o
 .debug_info    0x0002c742       0xf9 c:/program files (x86)/microchip/xc32/v2.15/bin/bin/../../lib/gcc/pic32mx/4.8.3/../../../../pic32mx/lib\libpic32.a(default-bootstrap-exception-handler.o)
 .debug_info    0x0002c83b       0xd2 c:/program files (x86)/microchip/xc32/v2.15/bin/bin/../../lib/gcc/pic32mx/4.8.3/../../../../pic32mx/lib\libpic32.a(default-on-reset.o)
 .debug_info    0x0002c90d       0xda c:/program files (x86)/microchip/xc32/v2.15/bin/bin/../../lib/gcc/pic32mx/4.8.3/../../../../pic32mx/lib\libpic32.a(default-on-bootstrap.o)
 .debug_info    0x0002c9e7       0xec c:/program files (x86)/microchip/xc32/v2.15/bin/bin/../../lib/gcc/pic32mx/4.8.3/../../../../pic32mx/lib\libpic32.a(defaultinterrupt.o)
 .debug_info    0x0002cad3       0xc6 c:/program files (x86)/microchip/xc32/v2.15/bin/bin/../../lib/gcc/pic32mx/4.8.3/../../../../pic32mx/lib\libc.a(atoi.o)

.debug_abbrev   0x00000000     0x45d1
 *(.debug_abbrev)
 .debug_abbrev  0x00000000      0x1a7 build/default/production/_ext/1047219354/drv_oc_mapping.o
 .debug_abbrev  0x000001a7      0x1aa build/default/production/_ext/1047219354/drv_oc_static.o
 .debug_abbrev  0x00000351      0x3a6 build/default/production/_ext/1407244131/drv_tmr_static.o
 .debug_abbrev  0x000006f7      0x2bd build/default/production/_ext/1407244131/drv_tmr_mapping.o
 .debug_abbrev  0x000009b4      0x261 build/default/production/_ext/327000265/drv_usart_mapping.o
 .debug_abbrev  0x00000c15      0x401 build/default/production/_ext/327000265/drv_usart_static.o
 .debug_abbrev  0x00001016      0x30d build/default/production/_ext/327000265/drv_usart_static_byte_model.o
 .debug_abbrev  0x00001323      0x292 build/default/production/_ext/639803181/sys_clk_pic32mx.o
 .debug_abbrev  0x000015b5      0x27b build/default/production/_ext/340578644/sys_devcon.o
 .debug_abbrev  0x00001830      0x20f build/default/production/_ext/340578644/sys_devcon_pic32mx.o
 .debug_abbrev  0x00001a3f      0x279 build/default/production/_ext/822048611/sys_ports_static.o
 .debug_abbrev  0x00001cb8      0x2a8 build/default/production/_ext/1688732426/system_init.o
 .debug_abbrev  0x00001f60      0x20a build/default/production/_ext/1688732426/system_interrupt.o
 .debug_abbrev  0x0000216a      0x123 build/default/production/_ext/1688732426/system_exceptions.o
 .debug_abbrev  0x0000228d      0x1d2 build/default/production/_ext/1688732426/system_tasks.o
 .debug_abbrev  0x0000245f       0x12 build/default/production/_ext/1688732426/system_interrupt_a.o
 .debug_abbrev  0x00002471       0x97 build/default/production/_ext/1688732426/rtos_hooks.o
 .debug_abbrev  0x00002508      0x296 build/default/production/_ext/1360937237/app.o
 .debug_abbrev  0x0000279e      0x217 build/default/production/_ext/1360937237/debug.o
 .debug_abbrev  0x000029b5       0x93 build/default/production/_ext/1360937237/main.o
 .debug_abbrev  0x00002a48      0x155 build/default/production/_ext/1360937237/motor.o
 .debug_abbrev  0x00002b9d      0x1d1 build/default/production/_ext/1360937237/motor_queue.o
 .debug_abbrev  0x00002d6e      0x1e2 build/default/production/_ext/1360937237/motor_state.o
 .debug_abbrev  0x00002f50      0x1fe build/default/production/_ext/24337685/osal_freertos.o
 .debug_abbrev  0x0000314e      0x237 build/default/production/_ext/122796885/sys_int_pic32.o
 .debug_abbrev  0x00003385      0x13f build/default/production/_ext/1856876499/heap_1.o
 .debug_abbrev  0x000034c4      0x2cf build/default/production/_ext/12131622/port.o
 .debug_abbrev  0x00003793       0x14 build/default/production/_ext/12131622/port_asm.o
 .debug_abbrev  0x000037a7       0x1b build/default/production/_ext/1128951024/croutine.o
 .debug_abbrev  0x000037c2       0xf8 build/default/production/_ext/1128951024/list.o
 .debug_abbrev  0x000038ba      0x34a build/default/production/_ext/1128951024/queue.o
 .debug_abbrev  0x00003c04      0x390 build/default/production/_ext/1128951024/tasks.o
 .debug_abbrev  0x00003f94       0x1b build/default/production/_ext/1128951024/timers.o
 .debug_abbrev  0x00003faf      0x27d build/default/production/_ext/1128951024/event_groups.o
 .debug_abbrev  0x0000422c      0x2dd build/default/production/_ext/1128951024/stream_buffer.o
 .debug_abbrev  0x00004509       0x28 c:/program files (x86)/microchip/xc32/v2.15/bin/bin/../../lib/gcc/pic32mx/4.8.3/../../../../pic32mx/lib\libpic32.a(default-bootstrap-exception-handler.o)
 .debug_abbrev  0x00004531       0x28 c:/program files (x86)/microchip/xc32/v2.15/bin/bin/../../lib/gcc/pic32mx/4.8.3/../../../../pic32mx/lib\libpic32.a(default-on-reset.o)
 .debug_abbrev  0x00004559       0x28 c:/program files (x86)/microchip/xc32/v2.15/bin/bin/../../lib/gcc/pic32mx/4.8.3/../../../../pic32mx/lib\libpic32.a(default-on-bootstrap.o)
 .debug_abbrev  0x00004581       0x28 c:/program files (x86)/microchip/xc32/v2.15/bin/bin/../../lib/gcc/pic32mx/4.8.3/../../../../pic32mx/lib\libpic32.a(defaultinterrupt.o)
 .debug_abbrev  0x000045a9       0x28 c:/program files (x86)/microchip/xc32/v2.15/bin/bin/../../lib/gcc/pic32mx/4.8.3/../../../../pic32mx/lib\libc.a(atoi.o)

.debug_line     0x00000000     0x8879
 *(.debug_line)
 .debug_line    0x00000000      0x3d8 build/default/production/_ext/1047219354/drv_oc_mapping.o
 .debug_line    0x000003d8      0x3d2 build/default/production/_ext/1047219354/drv_oc_static.o
 .debug_line    0x000007aa      0x699 build/default/production/_ext/1407244131/drv_tmr_static.o
 .debug_line    0x00000e43      0x4fb build/default/production/_ext/1407244131/drv_tmr_mapping.o
 .debug_line    0x0000133e      0x554 build/default/production/_ext/327000265/drv_usart_mapping.o
 .debug_line    0x00001892      0x80a build/default/production/_ext/327000265/drv_usart_static.o
 .debug_line    0x0000209c      0x4bf build/default/production/_ext/327000265/drv_usart_static_byte_model.o
 .debug_line    0x0000255b      0x54d build/default/production/_ext/639803181/sys_clk_pic32mx.o
 .debug_line    0x00002aa8      0x630 build/default/production/_ext/340578644/sys_devcon.o
 .debug_line    0x000030d8      0x481 build/default/production/_ext/340578644/sys_devcon_pic32mx.o
 .debug_line    0x00003559      0x75f build/default/production/_ext/822048611/sys_ports_static.o
 .debug_line    0x00003cb8      0x65d build/default/production/_ext/1688732426/system_init.o
 .debug_line    0x00004315      0x3db build/default/production/_ext/1688732426/system_interrupt.o
 .debug_line    0x000046f0      0x282 build/default/production/_ext/1688732426/system_exceptions.o
 .debug_line    0x00004972      0x3c1 build/default/production/_ext/1688732426/system_tasks.o
 .debug_line    0x00004d33       0xcf build/default/production/_ext/1688732426/system_interrupt_a.o
 .debug_line    0x00004e02      0x13d build/default/production/_ext/1688732426/rtos_hooks.o
 .debug_line    0x00004f3f      0x60f build/default/production/_ext/1360937237/app.o
 .debug_line    0x0000554e      0x4f6 build/default/production/_ext/1360937237/debug.o
 .debug_line    0x00005a44       0xb2 build/default/production/_ext/1360937237/main.o
 .debug_line    0x00005af6      0x3df build/default/production/_ext/1360937237/motor.o
 .debug_line    0x00005ed5      0x22f build/default/production/_ext/1360937237/motor_queue.o
 .debug_line    0x00006104      0x2ed build/default/production/_ext/1360937237/motor_state.o
 .debug_line    0x000063f1      0x2e2 build/default/production/_ext/24337685/osal_freertos.o
 .debug_line    0x000066d3      0x2d1 build/default/production/_ext/122796885/sys_int_pic32.o
 .debug_line    0x000069a4      0x215 build/default/production/_ext/1856876499/heap_1.o
 .debug_line    0x00006bb9      0x23a build/default/production/_ext/12131622/port.o
 .debug_line    0x00006df3      0x101 build/default/production/_ext/12131622/port_asm.o
 .debug_line    0x00006ef4       0x1d build/default/production/_ext/1128951024/croutine.o
 .debug_line    0x00006f11      0x1db build/default/production/_ext/1128951024/list.o
 .debug_line    0x000070ec      0x52c build/default/production/_ext/1128951024/queue.o
 .debug_line    0x00007618      0x800 build/default/production/_ext/1128951024/tasks.o
 .debug_line    0x00007e18       0x1d build/default/production/_ext/1128951024/timers.o
 .debug_line    0x00007e35      0x323 build/default/production/_ext/1128951024/event_groups.o
 .debug_line    0x00008158      0x416 build/default/production/_ext/1128951024/stream_buffer.o
 .debug_line    0x0000856e       0xab c:/program files (x86)/microchip/xc32/v2.15/bin/bin/../../lib/gcc/pic32mx/4.8.3/../../../../pic32mx/lib\libpic32.a(default-bootstrap-exception-handler.o)
 .debug_line    0x00008619       0x98 c:/program files (x86)/microchip/xc32/v2.15/bin/bin/../../lib/gcc/pic32mx/4.8.3/../../../../pic32mx/lib\libpic32.a(default-on-reset.o)
 .debug_line    0x000086b1       0x9c c:/program files (x86)/microchip/xc32/v2.15/bin/bin/../../lib/gcc/pic32mx/4.8.3/../../../../pic32mx/lib\libpic32.a(default-on-bootstrap.o)
 .debug_line    0x0000874d       0xaa c:/program files (x86)/microchip/xc32/v2.15/bin/bin/../../lib/gcc/pic32mx/4.8.3/../../../../pic32mx/lib\libpic32.a(defaultinterrupt.o)
 .debug_line    0x000087f7       0x82 c:/program files (x86)/microchip/xc32/v2.15/bin/bin/../../lib/gcc/pic32mx/4.8.3/../../../../pic32mx/lib\libc.a(atoi.o)
 .debug_line    0x00008879        0x0 c:/program files (x86)/microchip/xc32/v2.15/bin/bin/../../lib/gcc/pic32mx/4.8.3/../../../../pic32mx/lib\libc.a(ctype.o)

.debug_frame    0x00000000     0x1e50
 *(.debug_frame)
 .debug_frame   0x00000000       0xa0 build/default/production/_ext/1047219354/drv_oc_mapping.o
 .debug_frame   0x000000a0       0xd0 build/default/production/_ext/1047219354/drv_oc_static.o
 .debug_frame   0x00000170      0x108 build/default/production/_ext/1407244131/drv_tmr_static.o
 .debug_frame   0x00000278      0x26c build/default/production/_ext/1407244131/drv_tmr_mapping.o
 .debug_frame   0x000004e4      0x234 build/default/production/_ext/327000265/drv_usart_mapping.o
 .debug_frame   0x00000718       0xe4 build/default/production/_ext/327000265/drv_usart_static.o
 .debug_frame   0x000007fc       0x80 build/default/production/_ext/327000265/drv_usart_static_byte_model.o
 .debug_frame   0x0000087c       0xa0 build/default/production/_ext/639803181/sys_clk_pic32mx.o
 .debug_frame   0x0000091c       0xe8 build/default/production/_ext/340578644/sys_devcon.o
 .debug_frame   0x00000a04       0x28 build/default/production/_ext/340578644/sys_devcon_pic32mx.o
 .debug_frame   0x00000a2c      0x270 build/default/production/_ext/822048611/sys_ports_static.o
 .debug_frame   0x00000c9c       0x2c build/default/production/_ext/1688732426/system_init.o
 .debug_frame   0x00000cc8       0x48 build/default/production/_ext/1688732426/system_interrupt.o
 .debug_frame   0x00000d10       0x28 build/default/production/_ext/1688732426/system_exceptions.o
 .debug_frame   0x00000d38       0x58 build/default/production/_ext/1688732426/system_tasks.o
 .debug_frame   0x00000d90       0x40 build/default/production/_ext/1688732426/rtos_hooks.o
 .debug_frame   0x00000dd0       0x4c build/default/production/_ext/1360937237/app.o
 .debug_frame   0x00000e1c       0x60 build/default/production/_ext/1360937237/debug.o
 .debug_frame   0x00000e7c       0x28 build/default/production/_ext/1360937237/main.o
 .debug_frame   0x00000ea4       0x88 build/default/production/_ext/1360937237/motor.o
 .debug_frame   0x00000f2c       0x58 build/default/production/_ext/1360937237/motor_queue.o
 .debug_frame   0x00000f84       0xa8 build/default/production/_ext/1360937237/motor_state.o
 .debug_frame   0x0000102c      0x150 build/default/production/_ext/24337685/osal_freertos.o
 .debug_frame   0x0000117c       0x90 build/default/production/_ext/122796885/sys_int_pic32.o
 .debug_frame   0x0000120c       0x5c build/default/production/_ext/1856876499/heap_1.o
 .debug_frame   0x00001268       0xc0 build/default/production/_ext/12131622/port.o
 .debug_frame   0x00001328       0x60 build/default/production/_ext/1128951024/list.o
 .debug_frame   0x00001388      0x270 build/default/production/_ext/1128951024/queue.o
 .debug_frame   0x000015f8      0x48c build/default/production/_ext/1128951024/tasks.o
 .debug_frame   0x00001a84      0x108 build/default/production/_ext/1128951024/event_groups.o
 .debug_frame   0x00001b8c      0x218 build/default/production/_ext/1128951024/stream_buffer.o
 .debug_frame   0x00001da4       0x2c c:/program files (x86)/microchip/xc32/v2.15/bin/bin/../../lib/gcc/pic32mx/4.8.3/../../../../pic32mx/lib\libpic32.a(default-bootstrap-exception-handler.o)
 .debug_frame   0x00001dd0       0x20 c:/program files (x86)/microchip/xc32/v2.15/bin/bin/../../lib/gcc/pic32mx/4.8.3/../../../../pic32mx/lib\libpic32.a(default-on-reset.o)
 .debug_frame   0x00001df0       0x20 c:/program files (x86)/microchip/xc32/v2.15/bin/bin/../../lib/gcc/pic32mx/4.8.3/../../../../pic32mx/lib\libpic32.a(default-on-bootstrap.o)
 .debug_frame   0x00001e10       0x20 c:/program files (x86)/microchip/xc32/v2.15/bin/bin/../../lib/gcc/pic32mx/4.8.3/../../../../pic32mx/lib\libpic32.a(defaultinterrupt.o)
 .debug_frame   0x00001e30       0x20 c:/program files (x86)/microchip/xc32/v2.15/bin/bin/../../lib/gcc/pic32mx/4.8.3/../../../../pic32mx/lib\libc.a(atoi.o)

.debug_str      0x00000000      0x8a5
 *(.debug_str)
 .debug_str     0x00000000       0x13 build/default/production/_ext/1047219354/drv_oc_mapping.o
 .debug_str     0x00000013       0x1f build/default/production/_ext/1047219354/drv_oc_static.o
 .debug_str     0x00000032       0x68 build/default/production/_ext/1407244131/drv_tmr_static.o
 .debug_str     0x0000009a        0xe build/default/production/_ext/1407244131/drv_tmr_mapping.o
 .debug_str     0x000000a8       0x23 build/default/production/_ext/327000265/drv_usart_mapping.o
 .debug_str     0x000000cb       0xe1 build/default/production/_ext/327000265/drv_usart_static.o
 .debug_str     0x000001ac       0x18 build/default/production/_ext/327000265/drv_usart_static_byte_model.o
 .debug_str     0x000001c4       0x39 build/default/production/_ext/639803181/sys_clk_pic32mx.o
 .debug_str     0x000001fd       0x16 build/default/production/_ext/340578644/sys_devcon.o
 .debug_str     0x00000213        0x6 build/default/production/_ext/340578644/sys_devcon_pic32mx.o
 .debug_str     0x00000219       0x55 build/default/production/_ext/822048611/sys_ports_static.o
 .debug_str     0x0000026e       0x2b build/default/production/_ext/1688732426/system_init.o
 .debug_str     0x00000299       0x1a build/default/production/_ext/1688732426/system_interrupt.o
 .debug_str     0x000002b3        0x0 build/default/production/_ext/1688732426/system_exceptions.o
 .debug_str     0x000002b3        0x0 build/default/production/_ext/1688732426/system_tasks.o
 .debug_str     0x000002b3        0x9 build/default/production/_ext/1688732426/rtos_hooks.o
 .debug_str     0x000002bc        0x0 build/default/production/_ext/1360937237/app.o
 .debug_str     0x000002bc        0xd build/default/production/_ext/1360937237/debug.o
 .debug_str     0x000002c9        0x0 build/default/production/_ext/1360937237/main.o
 .debug_str     0x000002c9        0x0 build/default/production/_ext/1360937237/motor.o
 .debug_str     0x000002c9        0x0 build/default/production/_ext/1360937237/motor_queue.o
 .debug_str     0x000002c9       0x10 build/default/production/_ext/1360937237/motor_state.o
 .debug_str     0x000002d9       0x40 build/default/production/_ext/24337685/osal_freertos.o
 .debug_str     0x00000319       0x1d build/default/production/_ext/122796885/sys_int_pic32.o
 .debug_str     0x00000336       0x1d build/default/production/_ext/1856876499/heap_1.o
 .debug_str     0x00000353       0x37 build/default/production/_ext/12131622/port.o
 .debug_str     0x0000038a        0x0 build/default/production/_ext/1128951024/croutine.o
 .debug_str     0x0000038a       0x2b build/default/production/_ext/1128951024/list.o
 .debug_str     0x000003b5      0x131 build/default/production/_ext/1128951024/queue.o
 .debug_str     0x000004e6      0x19c build/default/production/_ext/1128951024/tasks.o
 .debug_str     0x00000682        0x0 build/default/production/_ext/1128951024/timers.o
 .debug_str     0x00000682       0xe6 build/default/production/_ext/1128951024/event_groups.o
 .debug_str     0x00000768      0x13d build/default/production/_ext/1128951024/stream_buffer.o
 .debug_str     0x000008a5        0x0 c:/program files (x86)/microchip/xc32/v2.15/bin/bin/../../lib/gcc/pic32mx/4.8.3/../../../../pic32mx/lib\libpic32.a(default-bootstrap-exception-handler.o)
 .debug_str     0x000008a5        0x0 c:/program files (x86)/microchip/xc32/v2.15/bin/bin/../../lib/gcc/pic32mx/4.8.3/../../../../pic32mx/lib\libpic32.a(default-on-reset.o)
 .debug_str     0x000008a5        0x0 c:/program files (x86)/microchip/xc32/v2.15/bin/bin/../../lib/gcc/pic32mx/4.8.3/../../../../pic32mx/lib\libpic32.a(default-on-bootstrap.o)
 .debug_str     0x000008a5        0x0 c:/program files (x86)/microchip/xc32/v2.15/bin/bin/../../lib/gcc/pic32mx/4.8.3/../../../../pic32mx/lib\libpic32.a(defaultinterrupt.o)
 .debug_str     0x000008a5        0x0 c:/program files (x86)/microchip/xc32/v2.15/bin/bin/../../lib/gcc/pic32mx/4.8.3/../../../../pic32mx/lib\libc.a(atoi.o)
 .debug_str     0x000008a5        0x0 c:/program files (x86)/microchip/xc32/v2.15/bin/bin/../../lib/gcc/pic32mx/4.8.3/../../../../pic32mx/lib\libc.a(ctype.o)

.debug_loc      0x00000000     0x6c6e
 *(.debug_loc)
 .debug_loc     0x00000000      0x210 build/default/production/_ext/1047219354/drv_oc_mapping.o
 .debug_loc     0x00000210      0x2bf build/default/production/_ext/1407244131/drv_tmr_static.o
 .debug_loc     0x000004cf      0x3a8 build/default/production/_ext/1407244131/drv_tmr_mapping.o
 .debug_loc     0x00000877      0x6d6 build/default/production/_ext/327000265/drv_usart_mapping.o
 .debug_loc     0x00000f4d      0x50b build/default/production/_ext/327000265/drv_usart_static.o
 .debug_loc     0x00001458       0x5f build/default/production/_ext/327000265/drv_usart_static_byte_model.o
 .debug_loc     0x000014b7       0x49 build/default/production/_ext/639803181/sys_clk_pic32mx.o
 .debug_loc     0x00001500       0xf0 build/default/production/_ext/340578644/sys_devcon.o
 .debug_loc     0x000015f0       0xda build/default/production/_ext/340578644/sys_devcon_pic32mx.o
 .debug_loc     0x000016ca      0x74e build/default/production/_ext/822048611/sys_ports_static.o
 .debug_loc     0x00001e18       0x21 build/default/production/_ext/1688732426/system_init.o
 .debug_loc     0x00001e39       0x4a build/default/production/_ext/1688732426/rtos_hooks.o
 .debug_loc     0x00001e83      0x152 build/default/production/_ext/1360937237/app.o
 .debug_loc     0x00001fd5       0x5d build/default/production/_ext/1360937237/debug.o
 .debug_loc     0x00002032       0xa8 build/default/production/_ext/1360937237/motor_queue.o
 .debug_loc     0x000020da      0x522 build/default/production/_ext/1360937237/motor_state.o
 .debug_loc     0x000025fc      0x3e6 build/default/production/_ext/24337685/osal_freertos.o
 .debug_loc     0x000029e2       0x7c build/default/production/_ext/122796885/sys_int_pic32.o
 .debug_loc     0x00002a5e       0x49 build/default/production/_ext/1856876499/heap_1.o
 .debug_loc     0x00002aa7       0xf5 build/default/production/_ext/12131622/port.o
 .debug_loc     0x00002b9c       0x44 build/default/production/_ext/1128951024/list.o
 .debug_loc     0x00002be0     0x1117 build/default/production/_ext/1128951024/queue.o
 .debug_loc     0x00003cf7     0x15cb build/default/production/_ext/1128951024/tasks.o
 .debug_loc     0x000052c2      0x90a build/default/production/_ext/1128951024/event_groups.o
 .debug_loc     0x00005bcc     0x1076 build/default/production/_ext/1128951024/stream_buffer.o
 .debug_loc     0x00006c42       0x2c c:/program files (x86)/microchip/xc32/v2.15/bin/bin/../../lib/gcc/pic32mx/4.8.3/../../../../pic32mx/lib\libpic32.a(default-bootstrap-exception-handler.o)

.debug_macinfo
 *(.debug_macinfo)

.debug_weaknames
 *(.debug_weaknames)

.debug_funcnames
 *(.debug_funcnames)

.debug_typenames
 *(.debug_typenames)

.debug_varnames
 *(.debug_varnames)

.debug_pubtypes
 *(.debug_pubtypes)

.debug_ranges   0x00000000      0xd90
 *(.debug_ranges)
 .debug_ranges  0x00000000       0x40 build/default/production/_ext/1047219354/drv_oc_mapping.o
 .debug_ranges  0x00000040       0x68 build/default/production/_ext/1047219354/drv_oc_static.o
 .debug_ranges  0x000000a8       0x98 build/default/production/_ext/1407244131/drv_tmr_static.o
 .debug_ranges  0x00000140       0xd8 build/default/production/_ext/1407244131/drv_tmr_mapping.o
 .debug_ranges  0x00000218       0xa0 build/default/production/_ext/327000265/drv_usart_mapping.o
 .debug_ranges  0x000002b8       0x90 build/default/production/_ext/327000265/drv_usart_static.o
 .debug_ranges  0x00000348       0x38 build/default/production/_ext/327000265/drv_usart_static_byte_model.o
 .debug_ranges  0x00000380       0x40 build/default/production/_ext/639803181/sys_clk_pic32mx.o
 .debug_ranges  0x000003c0       0x68 build/default/production/_ext/340578644/sys_devcon.o
 .debug_ranges  0x00000428       0x10 build/default/production/_ext/340578644/sys_devcon_pic32mx.o
 .debug_ranges  0x00000438      0x138 build/default/production/_ext/822048611/sys_ports_static.o
 .debug_ranges  0x00000570       0x10 build/default/production/_ext/1688732426/system_init.o
 .debug_ranges  0x00000580       0x20 build/default/production/_ext/1688732426/system_interrupt.o
 .debug_ranges  0x000005a0       0x10 build/default/production/_ext/1688732426/system_exceptions.o
 .debug_ranges  0x000005b0       0x20 build/default/production/_ext/1688732426/system_tasks.o
 .debug_ranges  0x000005d0       0x40 build/default/production/_ext/1688732426/system_interrupt_a.o
 .debug_ranges  0x00000610       0x18 build/default/production/_ext/1688732426/rtos_hooks.o
 .debug_ranges  0x00000628       0x80 build/default/production/_ext/1360937237/app.o
 .debug_ranges  0x000006a8       0x28 build/default/production/_ext/1360937237/debug.o
 .debug_ranges  0x000006d0       0x10 build/default/production/_ext/1360937237/main.o
 .debug_ranges  0x000006e0       0x30 build/default/production/_ext/1360937237/motor.o
 .debug_ranges  0x00000710       0x20 build/default/production/_ext/1360937237/motor_queue.o
 .debug_ranges  0x00000730       0x38 build/default/production/_ext/1360937237/motor_state.o
 .debug_ranges  0x00000768       0x78 build/default/production/_ext/24337685/osal_freertos.o
 .debug_ranges  0x000007e0       0x50 build/default/production/_ext/122796885/sys_int_pic32.o
 .debug_ranges  0x00000830       0x28 build/default/production/_ext/1856876499/heap_1.o
 .debug_ranges  0x00000858       0x48 build/default/production/_ext/12131622/port.o
 .debug_ranges  0x000008a0       0x30 build/default/production/_ext/1128951024/list.o
 .debug_ranges  0x000008d0      0x148 build/default/production/_ext/1128951024/queue.o
 .debug_ranges  0x00000a18      0x1d8 build/default/production/_ext/1128951024/tasks.o
 .debug_ranges  0x00000bf0       0x98 build/default/production/_ext/1128951024/event_groups.o
 .debug_ranges  0x00000c88       0xb8 build/default/production/_ext/1128951024/stream_buffer.o
 .debug_ranges  0x00000d40       0x10 c:/program files (x86)/microchip/xc32/v2.15/bin/bin/../../lib/gcc/pic32mx/4.8.3/../../../../pic32mx/lib\libpic32.a(default-bootstrap-exception-handler.o)
 .debug_ranges  0x00000d50       0x10 c:/program files (x86)/microchip/xc32/v2.15/bin/bin/../../lib/gcc/pic32mx/4.8.3/../../../../pic32mx/lib\libpic32.a(default-on-reset.o)
 .debug_ranges  0x00000d60       0x10 c:/program files (x86)/microchip/xc32/v2.15/bin/bin/../../lib/gcc/pic32mx/4.8.3/../../../../pic32mx/lib\libpic32.a(default-on-bootstrap.o)
 .debug_ranges  0x00000d70       0x10 c:/program files (x86)/microchip/xc32/v2.15/bin/bin/../../lib/gcc/pic32mx/4.8.3/../../../../pic32mx/lib\libpic32.a(defaultinterrupt.o)
 .debug_ranges  0x00000d80       0x10 c:/program files (x86)/microchip/xc32/v2.15/bin/bin/../../lib/gcc/pic32mx/4.8.3/../../../../pic32mx/lib\libc.a(atoi.o)

.gnu.attributes
                0x00000000       0x10
 *(.gnu.attributes)
 .gnu.attributes
                0x00000000       0x10 build/default/production/_ext/1047219354/drv_oc_mapping.o
 .gnu.attributes
                0x00000010       0x10 build/default/production/_ext/1047219354/drv_oc_static.o
 .gnu.attributes
                0x00000020       0x10 build/default/production/_ext/1407244131/drv_tmr_static.o
 .gnu.attributes
                0x00000030       0x10 build/default/production/_ext/1407244131/drv_tmr_mapping.o
 .gnu.attributes
                0x00000040       0x10 build/default/production/_ext/327000265/drv_usart_mapping.o
 .gnu.attributes
                0x00000050       0x10 build/default/production/_ext/327000265/drv_usart_static.o
 .gnu.attributes
                0x00000060       0x10 build/default/production/_ext/327000265/drv_usart_static_byte_model.o
 .gnu.attributes
                0x00000070       0x10 build/default/production/_ext/639803181/sys_clk_pic32mx.o
 .gnu.attributes
                0x00000080       0x10 build/default/production/_ext/340578644/sys_devcon.o
 .gnu.attributes
                0x00000090       0x10 build/default/production/_ext/340578644/sys_devcon_pic32mx.o
 .gnu.attributes
                0x000000a0       0x10 build/default/production/_ext/822048611/sys_ports_static.o
 .gnu.attributes
                0x000000b0       0x10 build/default/production/_ext/1688732426/system_init.o
 .gnu.attributes
                0x000000c0       0x10 build/default/production/_ext/1688732426/system_interrupt.o
 .gnu.attributes
                0x000000d0       0x10 build/default/production/_ext/1688732426/system_exceptions.o
 .gnu.attributes
                0x000000e0       0x10 build/default/production/_ext/1688732426/system_tasks.o
 .gnu.attributes
                0x000000f0       0x10 build/default/production/_ext/1688732426/rtos_hooks.o
 .gnu.attributes
                0x00000100       0x10 build/default/production/_ext/1360937237/app.o
 .gnu.attributes
                0x00000110       0x10 build/default/production/_ext/1360937237/debug.o
 .gnu.attributes
                0x00000120       0x10 build/default/production/_ext/1360937237/main.o
 .gnu.attributes
                0x00000130       0x10 build/default/production/_ext/1360937237/motor.o
 .gnu.attributes
                0x00000140       0x10 build/default/production/_ext/1360937237/motor_queue.o
 .gnu.attributes
                0x00000150       0x10 build/default/production/_ext/1360937237/motor_state.o
 .gnu.attributes
                0x00000160       0x10 build/default/production/_ext/24337685/osal_freertos.o
 .gnu.attributes
                0x00000170       0x10 build/default/production/_ext/122796885/sys_int_pic32.o
 .gnu.attributes
                0x00000180       0x10 build/default/production/_ext/1856876499/heap_1.o
 .gnu.attributes
                0x00000190       0x10 build/default/production/_ext/12131622/port.o
 .gnu.attributes
                0x000001a0       0x10 build/default/production/_ext/1128951024/croutine.o
 .gnu.attributes
                0x000001b0       0x10 build/default/production/_ext/1128951024/list.o
 .gnu.attributes
                0x000001c0       0x10 build/default/production/_ext/1128951024/queue.o
 .gnu.attributes
                0x000001d0       0x10 build/default/production/_ext/1128951024/tasks.o
 .gnu.attributes
                0x000001e0       0x10 build/default/production/_ext/1128951024/timers.o
 .gnu.attributes
                0x000001f0       0x10 build/default/production/_ext/1128951024/event_groups.o
 .gnu.attributes
                0x00000200       0x10 build/default/production/_ext/1128951024/stream_buffer.o
 .gnu.attributes
                0x00000210       0x10 c:/program files (x86)/microchip/xc32/v2.15/bin/bin/../../lib/gcc/pic32mx/4.8.3/../../../../pic32mx/lib\libpic32.a(default-bootstrap-exception-handler.o)
 .gnu.attributes
                0x00000220       0x10 c:/program files (x86)/microchip/xc32/v2.15/bin/bin/../../lib/gcc/pic32mx/4.8.3/../../../../pic32mx/lib\libpic32.a(default-on-reset.o)
 .gnu.attributes
                0x00000230       0x10 c:/program files (x86)/microchip/xc32/v2.15/bin/bin/../../lib/gcc/pic32mx/4.8.3/../../../../pic32mx/lib\libpic32.a(default-on-bootstrap.o)
 .gnu.attributes
                0x00000240       0x10 c:/program files (x86)/microchip/xc32/v2.15/bin/bin/../../lib/gcc/pic32mx/4.8.3/../../../../pic32mx/lib\libpic32.a(defaultinterrupt.o)
 .gnu.attributes
                0x00000250       0x10 c:/program files (x86)/microchip/xc32/v2.15/bin/bin/../../lib/gcc/pic32mx/4.8.3/../../../../pic32mx/lib\libc.a(atoi.o)
 .gnu.attributes
                0x00000260       0x10 c:/program files (x86)/microchip/xc32/v2.15/bin/bin/../../lib/gcc/pic32mx/4.8.3/../../../../pic32mx/lib\libc.a(ctype.o)
LOAD c:/program files (x86)/microchip/xc32/v2.15/bin/bin/../../lib/gcc/pic32mx/4.8.3\libgcc.a
START GROUP
LOAD c:/program files (x86)/microchip/xc32/v2.15/bin/bin/../../lib/gcc/pic32mx/4.8.3/../../../../pic32mx/lib\libpic32.a
LOAD c:/program files (x86)/microchip/xc32/v2.15/bin/bin/../../lib/gcc/pic32mx/4.8.3/../../../../pic32mx/lib\libdebug.a
LOAD c:/program files (x86)/microchip/xc32/v2.15/bin/bin/../../lib/gcc/pic32mx/4.8.3/../../../../pic32mx/lib\libpic32.a
LOAD c:/program files (x86)/microchip/xc32/v2.15/bin/bin/../../lib/gcc/pic32mx/4.8.3/../../../../pic32mx/lib\libc.a
LOAD c:/program files (x86)/microchip/xc32/v2.15/bin/bin/../../lib/gcc/pic32mx/4.8.3/../../../../pic32mx/lib\libc.a
LOAD c:/program files (x86)/microchip/xc32/v2.15/bin/bin/../../lib/gcc/pic32mx/4.8.3/../../../../pic32mx/lib\libm.a
LOAD c:/program files (x86)/microchip/xc32/v2.15/bin/bin/../../lib/gcc/pic32mx/4.8.3/../../../../pic32mx/lib\libe.a
LOAD c:/program files (x86)/microchip/xc32/v2.15/bin/bin/../../lib/gcc/pic32mx/4.8.3/../../../../pic32mx/lib\libdsp.a
LOAD c:/program files (x86)/microchip/xc32/v2.15/bin/bin/../../lib/gcc/pic32mx/4.8.3\libgcc.a
LOAD c:/program files (x86)/microchip/xc32/v2.15/bin/bin/../../lib/gcc/pic32mx/4.8.3/../../../../pic32mx/lib\libpic32.a
END GROUP
LOAD c:/program files (x86)/microchip/xc32/v2.15/bin/bin/../../lib/gcc/pic32mx/4.8.3\libgcc.a
OUTPUT(dist/default/production/MotorNew.X.production.elf elf32-tradlittlemips)
LOAD stack
LOAD data_init

.reginfo        0x00000000       0x18
 .reginfo       0x00000000       0x18 c:/program files (x86)/microchip/xc32/v2.15/bin/bin/../../lib/gcc/pic32mx/4.8.3/../../../../pic32mx/lib\debug-exception-return.o

.stack          0xa00057b8      0x400
 .stack         0xa00057b8      0x400 stack

.bss            0xa0000090     0x5640
 .bss           0xa0000090     0x5000 build/default/production/_ext/1856876499/heap_1.o
 .bss           0xa0005090      0x640 build/default/production/_ext/12131622/port.o
                0xa0005090                xISRStack

.bss            0xa00056d0       0xc8
 .bss           0xa00056d0       0xc8 build/default/production/_ext/1128951024/tasks.o

._debug_exception
                0xbfc00480       0x2c
 ._debug_exception
                0xbfc00480       0x2c c:/program files (x86)/microchip/xc32/v2.15/bin/bin/../../lib/gcc/pic32mx/4.8.3/../../../../pic32mx/lib\debug-exception-return.o
                0xbfc00480                __DbgExecReturn

.text           0x9d000000      0x454
 .text          0x9d000000      0x454 build/default/production/_ext/12131622/port_asm.o
                0x9d000000                vPortTickInterruptHandler
                0x9d0001ac                vPortStartFirstTask
                0x9d000274                vPortYieldISR

.text.xTaskCreate
                0x9d000454      0x2c8
 .text.xTaskCreate
                0x9d000454      0x2c8 build/default/production/_ext/1128951024/tasks.o
                0x9d000454                xTaskCreate

.text.APP_Tasks
                0x9d00071c      0x250
 .text.APP_Tasks
                0x9d00071c      0x250 build/default/production/_ext/1360937237/app.o
                0x9d00071c                APP_Tasks

.text.xQueueSemaphoreTake
                0x9d00096c      0x22c
 .text.xQueueSemaphoreTake
                0x9d00096c      0x22c build/default/production/_ext/1128951024/queue.o
                0x9d00096c                xQueueSemaphoreTake

.text.xQueueGenericSend
                0x9d000b98      0x20c
 .text.xQueueGenericSend
                0x9d000b98      0x20c build/default/production/_ext/1128951024/queue.o
                0x9d000b98                xQueueGenericSend

.text.updatefsm
                0x9d000da4      0x1e8
 .text.updatefsm
                0x9d000da4      0x1e8 build/default/production/_ext/1360937237/motor_state.o
                0x9d000da4                updatefsm

.text.xQueueReceive
                0x9d000f8c      0x1c0
 .text.xQueueReceive
                0x9d000f8c      0x1c0 build/default/production/_ext/1128951024/queue.o
                0x9d000f8c                xQueueReceive

.ExternalInterruptInstance0_vector_text
                0x9d00114c      0x1b4
 .ExternalInterruptInstance0_vector_text
                0x9d00114c      0x1b4 build/default/production/_ext/1688732426/system_interrupt_a.o

.ExternalInterruptInstance1_vector_text
                0x9d001300      0x1b4
 .ExternalInterruptInstance1_vector_text
                0x9d001300      0x1b4 build/default/production/_ext/1688732426/system_interrupt_a.o

.DrvTmrInstance0_vector_text
                0x9d0014b4      0x1b4
 .DrvTmrInstance0_vector_text
                0x9d0014b4      0x1b4 build/default/production/_ext/1688732426/system_interrupt_a.o

.text           0x9d001668      0x2d0
 .text          0x9d001668      0x168 c:/program files (x86)/microchip/xc32/v2.15/bin/bin/../../lib/gcc/pic32mx/4.8.3/../../../../pic32mx/lib\libpic32.a(memcpy.o)
                0x9d001668                memcpy
 .text          0x9d0017d0      0x168 c:/program files (x86)/microchip/xc32/v2.15/bin/bin/../../lib/gcc/pic32mx/4.8.3/../../../../pic32mx/lib\libpic32.a(strlen.o)
                0x9d0017d0                strlen

.text.xTaskIncrementTick
                0x9d001938      0x164
 .text.xTaskIncrementTick
                0x9d001938      0x164 build/default/production/_ext/1128951024/tasks.o
                0x9d001938                xTaskIncrementTick

.text.DRV_USART0_Initialize
                0x9d001a9c      0x150
 .text.DRV_USART0_Initialize
                0x9d001a9c      0x150 build/default/production/_ext/327000265/drv_usart_static.o
                0x9d001a9c                DRV_USART0_Initialize

.text.xTaskPriorityInherit
                0x9d001bec      0x14c
 .text.xTaskPriorityInherit
                0x9d001bec      0x14c build/default/production/_ext/1128951024/tasks.o
                0x9d001bec                xTaskPriorityInherit

.text.xTaskResumeAll
                0x9d001d38      0x148
 .text.xTaskResumeAll
                0x9d001d38      0x148 build/default/production/_ext/1128951024/tasks.o
                0x9d001d38                xTaskResumeAll

.rodata         0x9d001e80      0x128
 .rodata        0x9d001e80      0x128 build/default/production/_ext/1688732426/system_exceptions.o

.text.SYS_Initialize
                0x9d001fa8      0x120
 .text.SYS_Initialize
                0x9d001fa8      0x120 build/default/production/_ext/1688732426/system_init.o
                0x9d001fa8                SYS_Initialize

.text.vTaskPriorityDisinheritAfterTimeout
                0x9d0020c8      0x114
 .text.vTaskPriorityDisinheritAfterTimeout
                0x9d0020c8      0x114 build/default/production/_ext/1128951024/tasks.o
                0x9d0020c8                vTaskPriorityDisinheritAfterTimeout

.rodata         0x9d0021dc      0x104
 .rodata        0x9d0021dc      0x104 c:/program files (x86)/microchip/xc32/v2.15/bin/bin/../../lib/gcc/pic32mx/4.8.3/../../../../pic32mx/lib\libc.a(ctype.o)
                0x9d0021dc                _ctype

.text.prvUnlockQueue